Component: ARM Compiler 5.06 update 4 (build 422) Tool: armlink [4d35d2]

==============================================================================

Section Cross References

    startup_stm32f10x_hd.o(STACK) refers (Special) to heapauxi.o(.text) for __use_two_region_memory
    startup_stm32f10x_hd.o(HEAP) refers (Special) to heapauxi.o(.text) for __use_two_region_memory
    startup_stm32f10x_hd.o(RESET) refers (Special) to heapauxi.o(.text) for __use_two_region_memory
    startup_stm32f10x_hd.o(RESET) refers to startup_stm32f10x_hd.o(STACK) for __initial_sp
    startup_stm32f10x_hd.o(RESET) refers to startup_stm32f10x_hd.o(.text) for Reset_Handler
    startup_stm32f10x_hd.o(RESET) refers to ebox_it.o(i.NMI_Handler) for NMI_Handler
    startup_stm32f10x_hd.o(RESET) refers to ebox_it.o(i.HardFault_Handler) for HardFault_Handler
    startup_stm32f10x_hd.o(RESET) refers to ebox_it.o(i.MemManage_Handler) for MemManage_Handler
    startup_stm32f10x_hd.o(RESET) refers to ebox_it.o(i.BusFault_Handler) for BusFault_Handler
    startup_stm32f10x_hd.o(RESET) refers to ebox_it.o(i.UsageFault_Handler) for UsageFault_Handler
    startup_stm32f10x_hd.o(RESET) refers to port.o(.emb_text) for SVC_Handler
    startup_stm32f10x_hd.o(RESET) refers to ebox_it.o(i.DebugMon_Handler) for DebugMon_Handler
    startup_stm32f10x_hd.o(RESET) refers to ebox_core.o(i.SysTick_Handler) for SysTick_Handler
    startup_stm32f10x_hd.o(RESET) refers to ebox_exti.o(i.EXTI0_IRQHandler) for EXTI0_IRQHandler
    startup_stm32f10x_hd.o(RESET) refers to ebox_exti.o(i.EXTI1_IRQHandler) for EXTI1_IRQHandler
    startup_stm32f10x_hd.o(RESET) refers to ebox_exti.o(i.EXTI2_IRQHandler) for EXTI2_IRQHandler
    startup_stm32f10x_hd.o(RESET) refers to ebox_exti.o(i.EXTI3_IRQHandler) for EXTI3_IRQHandler
    startup_stm32f10x_hd.o(RESET) refers to ebox_exti.o(i.EXTI4_IRQHandler) for EXTI4_IRQHandler
    startup_stm32f10x_hd.o(RESET) refers to ebox_can.o(.text) for USB_LP_CAN1_RX0_IRQHandler
    startup_stm32f10x_hd.o(RESET) refers to ebox_exti.o(i.EXTI9_5_IRQHandler) for EXTI9_5_IRQHandler
    startup_stm32f10x_hd.o(RESET) refers to ebox_it.o(i.TIM1_UP_IRQHandler) for TIM1_UP_IRQHandler
    startup_stm32f10x_hd.o(RESET) refers to ebox_it.o(i.TIM2_IRQHandler) for TIM2_IRQHandler
    startup_stm32f10x_hd.o(RESET) refers to ebox_it.o(i.TIM3_IRQHandler) for TIM3_IRQHandler
    startup_stm32f10x_hd.o(RESET) refers to ebox_it.o(i.TIM4_IRQHandler) for TIM4_IRQHandler
    startup_stm32f10x_hd.o(RESET) refers to ebox_uart.o(i.USART1_IRQHandler) for USART1_IRQHandler
    startup_stm32f10x_hd.o(RESET) refers to ebox_uart.o(i.USART2_IRQHandler) for USART2_IRQHandler
    startup_stm32f10x_hd.o(RESET) refers to ebox_uart.o(i.USART3_IRQHandler) for USART3_IRQHandler
    startup_stm32f10x_hd.o(RESET) refers to ebox_exti.o(i.EXTI15_10_IRQHandler) for EXTI15_10_IRQHandler
    startup_stm32f10x_hd.o(RESET) refers to ebox_it.o(i.TIM5_IRQHandler) for TIM5_IRQHandler
    startup_stm32f10x_hd.o(RESET) refers to ebox_uart.o(i.UART4_IRQHandler) for UART4_IRQHandler
    startup_stm32f10x_hd.o(RESET) refers to ebox_uart.o(i.UART5_IRQHandler) for UART5_IRQHandler
    startup_stm32f10x_hd.o(RESET) refers to ebox_it.o(i.TIM6_IRQHandler) for TIM6_IRQHandler
    startup_stm32f10x_hd.o(RESET) refers to ebox_it.o(i.TIM7_IRQHandler) for TIM7_IRQHandler
    startup_stm32f10x_hd.o(.text) refers (Special) to heapauxi.o(.text) for __use_two_region_memory
    startup_stm32f10x_hd.o(.text) refers to system_stm32f10x.o(.text) for SystemInit
    startup_stm32f10x_hd.o(.text) refers to __main.o(!!!main) for __main
    startup_stm32f10x_hd.o(.text) refers to startup_stm32f10x_hd.o(HEAP) for Heap_Mem
    startup_stm32f10x_hd.o(.text) refers to startup_stm32f10x_hd.o(STACK) for Stack_Mem
    74HC595.o(.text) refers to ebox_gpio.o(i._ZN4Gpio4modeE8PIN_MODE) for Gpio::mode(PIN_MODE)
    74HC595.o(.text) refers to ebox_gpio.o(i._ZN4Gpio5writeEh) for Gpio::write(unsigned char)
    74HC595.o(.text) refers to ebox_common.o(i._Z9shift_outP4GpioS0_hh) for shift_out(Gpio*, Gpio*, unsigned char, unsigned char)
    74HC595.o(.ARM.exidx) refers to 74HC595.o(.text) for .text
    at24c02.o(.text) refers to ebox_i2c.o(i._ZN3I2c5beginEj) for I2c::begin(unsigned)
    at24c02.o(.text) refers to ebox_i2c.o(i._ZN3I2c14take_i2c_rightEj) for I2c::take_i2c_right(unsigned)
    at24c02.o(.text) refers to ebox_i2c.o(i._ZN3I2c10write_byteEhhh) for I2c::write_byte(unsigned char, unsigned char, unsigned char)
    at24c02.o(.text) refers to ebox_i2c.o(i._ZN3I2c17release_i2c_rightEv) for I2c::release_i2c_right()
    at24c02.o(.text) refers to ebox_i2c.o(i._ZN3I2c13wait_dev_busyEh) for I2c::wait_dev_busy(unsigned char)
    at24c02.o(.text) refers to ebox_i2c.o(i._ZN3I2c9read_byteEhhPh) for I2c::read_byte(unsigned char, unsigned char, unsigned char*)
    at24c02.o(.text) refers to ebox_i2c.o(i._ZN3I2c9read_byteEhhPht) for I2c::read_byte(unsigned char, unsigned char, unsigned char*, unsigned short)
[...]
    GPIO_ResetBits                           0x0800292f   Thumb Code     4  stm32f10x_gpio.o(.text)
    GPIO_WriteBit                            0x08002933   Thumb Code    10  stm32f10x_gpio.o(.text)
    GPIO_Write                               0x0800293d   Thumb Code     4  stm32f10x_gpio.o(.text)
    GPIO_PinLockConfig                       0x08002941   Thumb Code    18  stm32f10x_gpio.o(.text)
    GPIO_EventOutputConfig                   0x08002953   Thumb Code    26  stm32f10x_gpio.o(.text)
    GPIO_EventOutputCmd                      0x0800296d   Thumb Code     6  stm32f10x_gpio.o(.text)
    GPIO_PinRemapConfig                      0x08002973   Thumb Code   138  stm32f10x_gpio.o(.text)
    GPIO_EXTILineConfig                      0x080029fd   Thumb Code    66  stm32f10x_gpio.o(.text)
    GPIO_ETH_MediaInterfaceConfig            0x08002a3f   Thumb Code     8  stm32f10x_gpio.o(.text)
    RCC_DeInit                               0x08002a6d   Thumb Code    64  stm32f10x_rcc.o(.text)
    RCC_HSEConfig                            0x08002aad   Thumb Code    70  stm32f10x_rcc.o(.text)
    RCC_GetFlagStatus                        0x08002af3   Thumb Code    56  stm32f10x_rcc.o(.text)
    RCC_WaitForHSEStartUp                    0x08002b2b   Thumb Code    56  stm32f10x_rcc.o(.text)
    RCC_AdjustHSICalibrationValue            0x08002b63   Thumb Code    20  stm32f10x_rcc.o(.text)
    RCC_HSICmd                               0x08002b77   Thumb Code     6  stm32f10x_rcc.o(.text)
    RCC_PLLConfig                            0x08002b7d   Thumb Code    24  stm32f10x_rcc.o(.text)
    RCC_PLLCmd                               0x08002b95   Thumb Code     6  stm32f10x_rcc.o(.text)
    RCC_SYSCLKConfig                         0x08002b9b   Thumb Code    18  stm32f10x_rcc.o(.text)
    RCC_GetSYSCLKSource                      0x08002bad   Thumb Code    10  stm32f10x_rcc.o(.text)
    RCC_HCLKConfig                           0x08002bb7   Thumb Code    18  stm32f10x_rcc.o(.text)
    RCC_PCLK1Config                          0x08002bc9   Thumb Code    18  stm32f10x_rcc.o(.text)
    RCC_PCLK2Config                          0x08002bdb   Thumb Code    20  stm32f10x_rcc.o(.text)
    RCC_ITConfig                             0x08002bef   Thumb Code    26  stm32f10x_rcc.o(.text)
    RCC_USBCLKConfig                         0x08002c09   Thumb Code     8  stm32f10x_rcc.o(.text)
    RCC_ADCCLKConfig                         0x08002c11   Thumb Code    18  stm32f10x_rcc.o(.text)
    RCC_LSEConfig                            0x08002c23   Thumb Code    50  stm32f10x_rcc.o(.text)
    RCC_LSICmd                               0x08002c55   Thumb Code     6  stm32f10x_rcc.o(.text)
    RCC_RTCCLKConfig                         0x08002c5b   Thumb Code    12  stm32f10x_rcc.o(.text)
    RCC_RTCCLKCmd                            0x08002c67   Thumb Code     8  stm32f10x_rcc.o(.text)
    RCC_GetClocksFreq                        0x08002c6f   Thumb Code   192  stm32f10x_rcc.o(.text)
    RCC_AHBPeriphClockCmd                    0x08002d2f   Thumb Code    26  stm32f10x_rcc.o(.text)
    RCC_APB2PeriphClockCmd                   0x08002d49   Thumb Code    26  stm32f10x_rcc.o(.text)
    RCC_APB1PeriphClockCmd                   0x08002d63   Thumb Code    26  stm32f10x_rcc.o(.text)
    RCC_APB2PeriphResetCmd                   0x08002d7d   Thumb Code    26  stm32f10x_rcc.o(.text)
    RCC_APB1PeriphResetCmd                   0x08002d97   Thumb Code    26  stm32f10x_rcc.o(.text)
    RCC_BackupResetCmd                       0x08002db1   Thumb Code     8  stm32f10x_rcc.o(.text)
    RCC_ClockSecuritySystemCmd               0x08002db9   Thumb Code     6  stm32f10x_rcc.o(.text)
    RCC_MCOConfig                            0x08002dbf   Thumb Code     6  stm32f10x_rcc.o(.text)
    RCC_ClearFlag                            0x08002dc5   Thumb Code    14  stm32f10x_rcc.o(.text)
    RCC_GetITStatus                          0x08002dd3   Thumb Code    20  stm32f10x_rcc.o(.text)
    RCC_ClearITPendingBit                    0x08002de7   Thumb Code     6  stm32f10x_rcc.o(.text)
    TIM_DeInit                               0x08002e11   Thumb Code   424  stm32f10x_tim.o(.text)
    TIM_TimeBaseInit                         0x08002fb9   Thumb Code   122  stm32f10x_tim.o(.text)
    TIM_OC1Init                              0x08003033   Thumb Code   132  stm32f10x_tim.o(.text)
    TIM_OC2Init                              0x080030b7   Thumb Code   154  stm32f10x_tim.o(.text)
    TIM_OC3Init                              0x08003151   Thumb Code   150  stm32f10x_tim.o(.text)
    TIM_OC4Init                              0x080031e7   Thumb Code   182  stm32f10x_tim.o(.text)
    TIM_SetIC4Prescaler                      0x0800329d   Thumb Code    26  stm32f10x_tim.o(.text)
    TIM_SetIC3Prescaler                      0x08003339   Thumb Code    18  stm32f10x_tim.o(.text)
    TIM_SetIC2Prescaler                      0x080033c5   Thumb Code    26  stm32f10x_tim.o(.text)
    TIM_SetIC1Prescaler                      0x08003461   Thumb Code    18  stm32f10x_tim.o(.text)
    TIM_ICInit                               0x080034df   Thumb Code   150  stm32f10x_tim.o(.text)
    TIM_PWMIConfig                           0x08003575   Thumb Code   124  stm32f10x_tim.o(.text)
    TIM_BDTRConfig                           0x080035f1   Thumb Code    32  stm32f10x_tim.o(.text)
    TIM_TimeBaseStructInit                   0x08003611   Thumb Code    18  stm32f10x_tim.o(.text)
    TIM_OCStructInit                         0x08003623   Thumb Code    20  stm32f10x_tim.o(.text)
    TIM_ICStructInit                         0x08003637   Thumb Code    18  stm32f10x_tim.o(.text)
    TIM_BDTRStructInit                       0x08003649   Thumb Code    40  stm32f10x_tim.o(.text)
    TIM_Cmd                                  0x08003671   Thumb Code    24  stm32f10x_tim.o(.text)
    TIM_CtrlPWMOutputs                       0x08003689   Thumb Code    30  stm32f10x_tim.o(.text)
    TIM_ITConfig                             0x080036a7   Thumb Code    18  stm32f10x_tim.o(.text)
    TIM_GenerateEvent                        0x080036b9   Thumb Code     4  stm32f10x_tim.o(.text)
    TIM_DMAConfig                            0x080036bd   Thumb Code    10  stm32f10x_tim.o(.text)
    TIM_DMACmd                               0x080036c7   Thumb Code    18  stm32f10x_tim.o(.text)
    TIM_InternalClockConfig                  0x080036d9   Thumb Code    12  stm32f10x_tim.o(.text)
    TIM_SelectInputTrigger                   0x080036e5   Thumb Code    18  stm32f10x_tim.o(.text)
    TIM_ITRxExternalClockConfig              0x080036f7   Thumb Code    24  stm32f10x_tim.o(.text)
    TIM_TIxExternalClockConfig               0x0800370f   Thumb Code    62  stm32f10x_tim.o(.text)
    TIM_ETRConfig                            0x0800374d   Thumb Code    28  stm32f10x_tim.o(.text)
    TIM_ETRClockMode1Config                  0x08003769   Thumb Code    54  stm32f10x_tim.o(.text)
    TIM_ETRClockMode2Config                  0x0800379f   Thumb Code    32  stm32f10x_tim.o(.text)
    TIM_PrescalerConfig                      0x080037bf   Thumb Code     6  stm32f10x_tim.o(.text)
    TIM_CounterModeConfig                    0x080037c5   Thumb Code    18  stm32f10x_tim.o(.text)
    TIM_EncoderInterfaceConfig               0x080037d7   Thumb Code    66  stm32f10x_tim.o(.text)
    TIM_ForcedOC1Config                      0x08003819   Thumb Code    18  stm32f10x_tim.o(.text)
    TIM_ForcedOC2Config                      0x0800382b   Thumb Code    26  stm32f10x_tim.o(.text)
    TIM_ForcedOC3Config                      0x08003845   Thumb Code    18  stm32f10x_tim.o(.text)
    TIM_ForcedOC4Config                      0x08003857   Thumb Code    26  stm32f10x_tim.o(.text)
    TIM_ARRPreloadConfig                     0x08003871   Thumb Code    24  stm32f10x_tim.o(.text)
    TIM_SelectCOM                            0x08003889   Thumb Code    24  stm32f10x_tim.o(.text)
    TIM_SelectCCDMA                          0x080038a1   Thumb Code    24  stm32f10x_tim.o(.text)
    TIM_CCPreloadControl                     0x080038b9   Thumb Code    24  stm32f10x_tim.o(.text)
    TIM_OC1PreloadConfig                     0x080038d1   Thumb Code    18  stm32f10x_tim.o(.text)
    TIM_OC2PreloadConfig                     0x080038e3   Thumb Code    26  stm32f10x_tim.o(.text)
    TIM_OC3PreloadConfig                     0x080038fd   Thumb Code    18  stm32f10x_tim.o(.text)
    TIM_OC4PreloadConfig                     0x0800390f   Thumb Code    26  stm32f10x_tim.o(.text)
    TIM_OC1FastConfig                        0x08003929   Thumb Code    18  stm32f10x_tim.o(.text)
    TIM_OC2FastConfig                        0x0800393b   Thumb Code    26  stm32f10x_tim.o(.text)
    TIM_OC3FastConfig                        0x08003955   Thumb Code    18  stm32f10x_tim.o(.text)
    TIM_OC4FastConfig                        0x08003967   Thumb Code    26  stm32f10x_tim.o(.text)
    TIM_ClearOC1Ref                          0x08003981   Thumb Code    18  stm32f10x_tim.o(.text)
    TIM_ClearOC2Ref                          0x08003993   Thumb Code    24  stm32f10x_tim.o(.text)
    TIM_ClearOC3Ref                          0x080039ab   Thumb Code    18  stm32f10x_tim.o(.text)
    TIM_ClearOC4Ref                          0x080039bd   Thumb Code    24  stm32f10x_tim.o(.text)
    TIM_OC1PolarityConfig                    0x080039d5   Thumb Code    18  stm32f10x_tim.o(.text)
    TIM_OC1NPolarityConfig                   0x080039e7   Thumb Code    18  stm32f10x_tim.o(.text)
    TIM_OC2PolarityConfig                    0x080039f9   Thumb Code    26  stm32f10x_tim.o(.text)
    TIM_OC2NPolarityConfig                   0x08003a13   Thumb Code    26  stm32f10x_tim.o(.text)
    TIM_OC3PolarityConfig                    0x08003a2d   Thumb Code    26  stm32f10x_tim.o(.text)
    TIM_OC3NPolarityConfig                   0x08003a47   Thumb Code    26  stm32f10x_tim.o(.text)
    TIM_OC4PolarityConfig                    0x08003a61   Thumb Code    26  stm32f10x_tim.o(.text)
    TIM_CCxCmd                               0x08003a7b   Thumb Code    30  stm32f10x_tim.o(.text)
    TIM_CCxNCmd                              0x08003a99   Thumb Code    30  stm32f10x_tim.o(.text)
    TIM_SelectOCxM                           0x08003ab7   Thumb Code    82  stm32f10x_tim.o(.text)
    TIM_UpdateDisableConfig                  0x08003b09   Thumb Code    24  stm32f10x_tim.o(.text)
    TIM_UpdateRequestConfig                  0x08003b21   Thumb Code    24  stm32f10x_tim.o(.text)
    TIM_SelectHallSensor                     0x08003b39   Thumb Code    24  stm32f10x_tim.o(.text)
    TIM_SelectOnePulseMode                   0x08003b51   Thumb Code    18  stm32f10x_tim.o(.text)
    TIM_SelectOutputTrigger                  0x08003b63   Thumb Code    18  stm32f10x_tim.o(.text)
    TIM_SelectSlaveMode                      0x08003b75   Thumb Code    18  stm32f10x_tim.o(.text)
    TIM_SelectMasterSlaveMode                0x08003b87   Thumb Code    18  stm32f10x_tim.o(.text)
    TIM_SetCounter                           0x08003b99   Thumb Code     4  stm32f10x_tim.o(.text)
    TIM_SetAutoreload                        0x08003b9d   Thumb Code     4  stm32f10x_tim.o(.text)
    TIM_SetCompare1                          0x08003ba1   Thumb Code     4  stm32f10x_tim.o(.text)
    TIM_SetCompare2                          0x08003ba5   Thumb Code     4  stm32f10x_tim.o(.text)
    TIM_SetCompare3                          0x08003ba9   Thumb Code     4  stm32f10x_tim.o(.text)
    TIM_SetCompare4                          0x08003bad   Thumb Code     6  stm32f10x_tim.o(.text)
    TIM_SetClockDivision                     0x08003bb3   Thumb Code    18  stm32f10x_tim.o(.text)
    TIM_GetCapture1                          0x08003bc5   Thumb Code     6  stm32f10x_tim.o(.text)
    TIM_GetCapture2                          0x08003bcb   Thumb Code     6  stm32f10x_tim.o(.text)
    TIM_GetCapture3                          0x08003bd1   Thumb Code     6  stm32f10x_tim.o(.text)
    TIM_GetCapture4                          0x08003bd7   Thumb Code     8  stm32f10x_tim.o(.text)
    TIM_GetCounter                           0x08003bdf   Thumb Code     6  stm32f10x_tim.o(.text)
    TIM_GetPrescaler                         0x08003be5   Thumb Code     6  stm32f10x_tim.o(.text)
    TIM_GetFlagStatus                        0x08003beb   Thumb Code    18  stm32f10x_tim.o(.text)
    TIM_ClearFlag                            0x08003bfd   Thumb Code     6  stm32f10x_tim.o(.text)
    TIM_GetITStatus                          0x08003c03   Thumb Code    34  stm32f10x_tim.o(.text)
    TIM_ClearITPendingBit                    0x08003c25   Thumb Code     6  stm32f10x_tim.o(.text)
    USART_DeInit                             0x08003c2d   Thumb Code   134  stm32f10x_usart.o(.text)
    USART_Init                               0x08003cb3   Thumb Code   210  stm32f10x_usart.o(.text)
    USART_StructInit                         0x08003d85   Thumb Code    24  stm32f10x_usart.o(.text)
    USART_ClockInit                          0x08003d9d   Thumb Code    34  stm32f10x_usart.o(.text)
    USART_ClockStructInit                    0x08003dbf   Thumb Code    12  stm32f10x_usart.o(.text)
    USART_Cmd                                0x08003dcb   Thumb Code    24  stm32f10x_usart.o(.text)
    USART_ITConfig                           0x08003de3   Thumb Code    74  stm32f10x_usart.o(.text)
    USART_DMACmd                             0x08003e2d   Thumb Code    18  stm32f10x_usart.o(.text)
    USART_SetAddress                         0x08003e3f   Thumb Code    18  stm32f10x_usart.o(.text)
    USART_WakeUpConfig                       0x08003e51   Thumb Code    18  stm32f10x_usart.o(.text)
    USART_ReceiverWakeUpCmd                  0x08003e63   Thumb Code    24  stm32f10x_usart.o(.text)
    USART_LINBreakDetectLengthConfig         0x08003e7b   Thumb Code    18  stm32f10x_usart.o(.text)
    USART_LINCmd                             0x08003e8d   Thumb Code    24  stm32f10x_usart.o(.text)
    USART_SendData                           0x08003ea5   Thumb Code     8  stm32f10x_usart.o(.text)
    USART_ReceiveData                        0x08003ead   Thumb Code    10  stm32f10x_usart.o(.text)
    USART_SendBreak                          0x08003eb7   Thumb Code    10  stm32f10x_usart.o(.text)
    USART_SetGuardTime                       0x08003ec1   Thumb Code    16  stm32f10x_usart.o(.text)
    USART_SetPrescaler                       0x08003ed1   Thumb Code    16  stm32f10x_usart.o(.text)
    USART_SmartCardCmd                       0x08003ee1   Thumb Code    24  stm32f10x_usart.o(.text)
    USART_SmartCardNACKCmd                   0x08003ef9   Thumb Code    24  stm32f10x_usart.o(.text)
    USART_HalfDuplexCmd                      0x08003f11   Thumb Code    24  stm32f10x_usart.o(.text)
    USART_OverSampling8Cmd                   0x08003f29   Thumb Code    22  stm32f10x_usart.o(.text)
    USART_OneBitMethodCmd                    0x08003f3f   Thumb Code    24  stm32f10x_usart.o(.text)
    USART_IrDAConfig                         0x08003f57   Thumb Code    18  stm32f10x_usart.o(.text)
    USART_IrDACmd                            0x08003f69   Thumb Code    24  stm32f10x_usart.o(.text)
    USART_GetFlagStatus                      0x08003f81   Thumb Code    26  stm32f10x_usart.o(.text)
    USART_ClearFlag                          0x08003f9b   Thumb Code    18  stm32f10x_usart.o(.text)
    USART_GetITStatus                        0x08003fad   Thumb Code    84  stm32f10x_usart.o(.text)
    USART_ClearITPendingBit                  0x08004001   Thumb Code    52  stm32f10x_usart.o(.text)
    vListInitialise                          0x08004035   Thumb Code    26  list.o(.text)
    vListInitialiseItem                      0x0800404f   Thumb Code     6  list.o(.text)
    vListInsertEnd                           0x08004055   Thumb Code    24  list.o(.text)
    vListInsert                              0x0800406d   Thumb Code    52  list.o(.text)
    uxListRemove                             0x080040a1   Thumb Code    40  list.o(.text)
    xTaskGenericCreate                       0x080041a1   Thumb Code   226  tasks.o(.text)
    vTaskDelete                              0x080042ad   Thumb Code   138  tasks.o(.text)
    xTaskIncrementTick                       0x08004337   Thumb Code   242  tasks.o(.text)
    xTaskResumeAll                           0x08004429   Thumb Code   268  tasks.o(.text)
    vTaskSuspendAll                          0x08004573   Thumb Code    12  tasks.o(.text)
    vTaskDelayUntil                          0x0800457f   Thumb Code   126  tasks.o(.text)
    vTaskDelay                               0x080045fd   Thumb Code    72  tasks.o(.text)
    uxTaskPriorityGet                        0x08004645   Thumb Code    30  tasks.o(.text)
    uxTaskPriorityGetFromISR                 0x08004663   Thumb Code    38  tasks.o(.text)
    vTaskPrioritySet                         0x08004689   Thumb Code   204  tasks.o(.text)
    vTaskSwitchContext                       0x08004755   Thumb Code    76  tasks.o(.text)
    vTaskSuspend                             0x080047a1   Thumb Code   150  tasks.o(.text)
    vTaskResume                              0x0800486f   Thumb Code    94  tasks.o(.text)
    xTaskResumeFromISR                       0x080048cd   Thumb Code   172  tasks.o(.text)
    vTaskStartScheduler                      0x080049f5   Thumb Code    58  tasks.o(.text)
    vTaskEndScheduler                        0x08004a2f   Thumb Code    18  tasks.o(.text)
    xTaskGetTickCount                        0x08004a41   Thumb Code     6  tasks.o(.text)
    xTaskGetTickCountFromISR                 0x08004a47   Thumb Code     8  tasks.o(.text)
    uxTaskGetNumberOfTasks                   0x08004a4f   Thumb Code     6  tasks.o(.text)
    vTaskPlaceOnEventList                    0x08004a55   Thumb Code    84  tasks.o(.text)
    vTaskPlaceOnUnorderedEventList           0x08004aa9   Thumb Code   100  tasks.o(.text)
    xTaskRemoveFromEventList                 0x08004b0d   Thumb Code   104  tasks.o(.text)
    xTaskRemoveFromUnorderedEventList        0x08004b75   Thumb Code    94  tasks.o(.text)
    vTaskSetTimeOutState                     0x08004bd3   Thumb Code    14  tasks.o(.text)
    xTaskCheckForTimeOut                     0x08004be1   Thumb Code    84  tasks.o(.text)
    vTaskMissedYield                         0x08004c35   Thumb Code     8  tasks.o(.text)
    uxTaskResetEventItemValue                0x08004c3d   Thumb Code    24  tasks.o(.text)
    ulTaskNotifyTake                         0x08004c55   Thumb Code   162  tasks.o(.text)
    xTaskNotifyWait                          0x08004cf7   Thumb Code   270  tasks.o(.text)
    xTaskGenericNotify                       0x08004e05   Thumb Code   166  tasks.o(.text)
    xTaskGenericNotifyFromISR                0x08004eab   Thumb Code   200  tasks.o(.text)
    vTaskNotifyGiveFromISR                   0x08004f73   Thumb Code   124  tasks.o(.text)
    xTaskNotifyStateClear                    0x08004fef   Thumb Code    50  tasks.o(.text)
    pvPortMalloc                             0x080050ff   Thumb Code   188  heap_4.o(.text)
    vPortFree                                0x080051bb   Thumb Code    64  heap_4.o(.text)
    xPortGetFreeHeapSize                     0x080051fb   Thumb Code     6  heap_4.o(.text)
    xPortGetMinimumEverFreeHeapSize          0x08005201   Thumb Code     6  heap_4.o(.text)
    vPortInitialiseBlocks                    0x08005207   Thumb Code     2  heap_4.o(.text)
    pxPortInitialiseStack                    0x08005229   Thumb Code    26  port.o(.text)
    vPortSetupTimerInterrupt                 0x08005243   Thumb Code    14  port.o(.text)
    xPortStartScheduler                      0x08005251   Thumb Code    42  port.o(.text)
    vPortEndScheduler                        0x0800527b   Thumb Code     2  port.o(.text)
    vPortYield                               0x0800527d   Thumb Code    20  port.o(.text)
    vPortEnterCritical                       0x08005291   Thumb Code    26  port.o(.text)
    vPortExitCritical                        0x080052ab   Thumb Code    26  port.o(.text)
    xPortSysTickHandler                      0x080052c5   Thumb Code    30  port.o(.text)
    setup()                                  0x080052f5   Thumb Code    48  main.o(.text)
    main                                     0x08005325   Thumb Code    32  main.o(.text)
    __rt_ctype_table                         0x08005371   Thumb Code    16  rt_ctype_table.o(.text)
    __aeabi_uldivmod                         0x08005381   Thumb Code     0  lludivv7m.o(.text)
    _ll_udiv                                 0x08005381   Thumb Code   238  lludivv7m.o(.text)
    _vsnprintf                               0x08005471   Thumb Code    48  _vsnprintf.o(.text)
    __c89vsprintf                            0x080054a5   Thumb Code    32  c89vsprintf.o(.text)
    _printf_pre_padding                      0x080054c9   Thumb Code    44  _printf_pad.o(.text)
    _printf_post_padding                     0x080054f5   Thumb Code    34  _printf_pad.o(.text)
    _printf_str                              0x08005517   Thumb Code    82  _printf_str.o(.text)
    _printf_int_dec                          0x08005569   Thumb Code   104  _printf_dec.o(.text)
    _printf_longlong_hex                     0x080055e1   Thumb Code    86  _printf_hex_int_ll_ptr.o(.text)
    _printf_int_hex                          0x08005637   Thumb Code    28  _printf_hex_int_ll_ptr.o(.text)
    _printf_ll_hex                           0x08005653   Thumb Code    12  _printf_hex_int_ll_ptr.o(.text)
    _printf_hex_ptr                          0x0800565f   Thumb Code    18  _printf_hex_int_ll_ptr.o(.text)
    __printf                                 0x08005675   Thumb Code   388  __printf_flags_ss_wp.o(.text)
    srand                                    0x080057fd   Thumb Code    42  rand.o(.text)
    _rand_init                               0x08005827   Thumb Code     4  rand.o(.text)
    strcmp                                   0x08005839   Thumb Code   128  strcmpv7m.o(.text)
    __use_two_region_memory                  0x080058b9   Thumb Code     2  heapauxi.o(.text)
    __rt_heap_escrow                         0x080058bb   Thumb Code     2  heapauxi.o(.text)
    __rt_heap_expand                         0x080058bd   Thumb Code     2  heapauxi.o(.text)
    __cpp_initialize__aeabi_                 0x080058c1   Thumb Code    26  init_aeabi.o(.text)
    __rt_locale                              0x080058e5   Thumb Code     8  rt_locale_intlibspace.o(.text)
    _printf_truncate_signed                  0x080058ed   Thumb Code    18  _printf_truncate.o(.text)
    _printf_truncate_unsigned                0x080058ff   Thumb Code    18  _printf_truncate.o(.text)
    _printf_int_common                       0x08005911   Thumb Code   178  _printf_intcommon.o(.text)
    _printf_charcount                        0x080059c3   Thumb Code    40  _printf_charcount.o(.text)
    __lib_sel_fp_printf                      0x080059eb   Thumb Code     2  _printf_fp_dec.o(.text)
    _printf_fp_dec_real                      0x08005b99   Thumb Code   620  _printf_fp_dec.o(.text)
    _printf_char_common                      0x08005e0f   Thumb Code    32  _printf_char_common.o(.text)
    _sputc                                   0x08005e35   Thumb Code    10  _sputc.o(.text)
    _snputc                                  0x08005e3f   Thumb Code    16  _snputc.o(.text)
    _printf_cs_common                        0x08005e4f   Thumb Code    20  _printf_char.o(.text)
    _printf_char                             0x08005e63   Thumb Code    16  _printf_char.o(.text)
    _printf_string                           0x08005e73   Thumb Code     8  _printf_char.o(.text)
    _printf_wctomb                           0x08005e7d   Thumb Code   182  _printf_wctomb.o(.text)
    _printf_longlong_dec                     0x08005f39   Thumb Code   108  _printf_longlong_dec.o(.text)
    _printf_longlong_oct                     0x08005fb5   Thumb Code    66  _printf_oct_int_ll.o(.text)
    _printf_int_oct                          0x08005ff7   Thumb Code    24  _printf_oct_int_ll.o(.text)
    _printf_ll_oct                           0x0800600f   Thumb Code    12  _printf_oct_int_ll.o(.text)
    _sys_exit                                0x08006025   Thumb Code     8  sys_exit.o(.text)
    __user_libspace                          0x08006031   Thumb Code     8  libspace.o(.text)
    __user_perproc_libspace                  0x08006031   Thumb Code     0  libspace.o(.text)
    __user_perthread_libspace                0x08006031   Thumb Code     0  libspace.o(.text)
    _ll_udiv10                               0x08006039   Thumb Code   138  lludiv10.o(.text)
    _printf_fp_infnan                        0x080060c5   Thumb Code   112  _printf_fp_infnan.o(.text)
    _printf_lcs_common                       0x08006145   Thumb Code    20  _printf_wchar.o(.text)
    _printf_wchar                            0x08006159   Thumb Code    16  _printf_wchar.o(.text)
    _printf_wstring                          0x08006169   Thumb Code     8  _printf_wchar.o(.text)
    _btod_etento                             0x08006171   Thumb Code   216  bigflt0.o(.text)
    _wcrtomb                                 0x0800624d   Thumb Code    64  _wcrtomb.o(.text)
    __I$use$semihosting                      0x0800628d   Thumb Code     0  use_no_semi.o(.text)
    __use_no_semihosting_swi                 0x0800628d   Thumb Code     2  use_no_semi.o(.text)
    __semihosting_library_function           0x0800628f   Thumb Code     0  indicate_semi.o(.text)
    __user_setup_stackheap                   0x0800628f   Thumb Code    74  sys_stackheap_outer.o(.text)
    exit                                     0x080062d9   Thumb Code    18  exit.o(.text)
    _btod_d2e                                0x080062eb   Thumb Code    62  btod.o(CL$$btod_d2e)
    _d2e_denorm_low                          0x08006329   Thumb Code    70  btod.o(CL$$btod_d2e_denorm_low)
    _d2e_norm_op1                            0x0800636f   Thumb Code    96  btod.o(CL$$btod_d2e_norm_op1)
    __btod_div_common                        0x080063cf   Thumb Code   696  btod.o(CL$$btod_div_common)
    _e2e                                     0x08006707   Thumb Code   198  btod.o(CL$$btod_e2e)
    _btod_ediv                               0x080067cd   Thumb Code    40  btod.o(CL$$btod_ediv)
    _btod_emul                               0x080067f5   Thumb Code    40  btod.o(CL$$btod_emul)
    __btod_mult_common                       0x0800681d   Thumb Code   580  btod.o(CL$$btod_mult_common)
    BusFault_Handler                         0x08006a75   Thumb Code     4  ebox_it.o(i.BusFault_Handler)
    DebugMon_Handler                         0x08006a79   Thumb Code     2  ebox_it.o(i.DebugMon_Handler)
    EXTI0_IRQHandler                         0x08006a7d   Thumb Code    28  ebox_exti.o(i.EXTI0_IRQHandler)
    EXTI15_10_IRQHandler                     0x08006aa1   Thumb Code   172  ebox_exti.o(i.EXTI15_10_IRQHandler)
    EXTI1_IRQHandler                         0x08006b55   Thumb Code    28  ebox_exti.o(i.EXTI1_IRQHandler)
    EXTI2_IRQHandler                         0x08006b79   Thumb Code    28  ebox_exti.o(i.EXTI2_IRQHandler)
    EXTI3_IRQHandler                         0x08006b9d   Thumb Code    28  ebox_exti.o(i.EXTI3_IRQHandler)
    EXTI4_IRQHandler                         0x08006bc1   Thumb Code    28  ebox_exti.o(i.EXTI4_IRQHandler)
    EXTI9_5_IRQHandler                       0x08006be5   Thumb Code   132  ebox_exti.o(i.EXTI9_5_IRQHandler)
    HardFault_Handler                        0x08006c71   Thumb Code     4  ebox_it.o(i.HardFault_Handler)
    MemManage_Handler                        0x08006c75   Thumb Code     4  ebox_it.o(i.MemManage_Handler)
    NMI_Handler                              0x08006c79   Thumb Code     2  ebox_it.o(i.NMI_Handler)
    SysTick_Handler                          0x08006c7d   Thumb Code    58  ebox_core.o(i.SysTick_Handler)
    TIM1_UP_IRQHandler                       0x08006cc5   Thumb Code   144  ebox_it.o(i.TIM1_UP_IRQHandler)
    TIM2_IRQHandler                          0x08006d5d   Thumb Code   144  ebox_it.o(i.TIM2_IRQHandler)
    TIM3_IRQHandler                          0x08006df1   Thumb Code   144  ebox_it.o(i.TIM3_IRQHandler)
    TIM4_IRQHandler                          0x08006e89   Thumb Code   144  ebox_it.o(i.TIM4_IRQHandler)
    TIM5_IRQHandler                          0x08006f21   Thumb Code   134  ebox_it.o(i.TIM5_IRQHandler)
    TIM6_IRQHandler                          0x08006fad   Thumb Code    30  ebox_it.o(i.TIM6_IRQHandler)
    TIM7_IRQHandler                          0x08006fd1   Thumb Code    30  ebox_it.o(i.TIM7_IRQHandler)
    UART4_IRQHandler                         0x08006ff5   Thumb Code    82  ebox_uart.o(i.UART4_IRQHandler)
    UART5_IRQHandler                         0x08007059   Thumb Code    82  ebox_uart.o(i.UART5_IRQHandler)
    USART1_IRQHandler                        0x080070bd   Thumb Code    82  ebox_uart.o(i.USART1_IRQHandler)
    USART2_IRQHandler                        0x08007121   Thumb Code    82  ebox_uart.o(i.USART2_IRQHandler)
    USART3_IRQHandler                        0x08007185   Thumb Code    82  ebox_uart.o(i.USART3_IRQHandler)
    UsageFault_Handler                       0x080071e9   Thumb Code     4  ebox_it.o(i.UsageFault_Handler)
    random_seed(unsigned short)              0x080071ed   Thumb Code    12  ebox_common.o(i._Z11random_seedt)
    store_value(unsigned short)              0x080071f9   Thumb Code    32  ir_decoder.o(i._Z11store_valuet)
    DMA_configuration()                      0x08007271   Thumb Code    66  ebox_analog.o(i._Z17DMA_configurationv)
    ADC1_configuration()                     0x080072c1   Thumb Code   296  ebox_analog.o(i._Z18ADC1_configurationv)
    ADC1_init()                              0x080073ed   Thumb Code    52  ebox_analog.o(i._Z9ADC1_initv)
    I2c::I2c(I2C_TypeDef*, Gpio*, Gpio*)     0x08007429   Thumb Code    14  ebox_i2c.o(i._ZN3I2cC1EP11I2C_TypeDefP4GpioS3_)
    I2c::I2c__sub_object(I2C_TypeDef*, Gpio*, Gpio*) 0x08007429   Thumb Code     0  ebox_i2c.o(i._ZN3I2cC1EP11I2C_TypeDefP4GpioS3_)
    Pwm::get_max_frq()                       0x08007437   Thumb Code    18  ebox_pwm.o(i._ZN3Pwm11get_max_frqEv)
    Pwm::set_oc_polarity(unsigned char)      0x08007449   Thumb Code    32  ebox_pwm.o(i._ZN3Pwm15set_oc_polarityEh)
    Pwm::get_timer_source_clock()            0x08007469   Thumb Code    46  ebox_pwm.o(i._ZN3Pwm22get_timer_source_clockEv)
    Pwm::begin(unsigned, unsigned short)     0x080074a5   Thumb Code    52  ebox_pwm.o(i._ZN3Pwm5beginEjt)
    Pwm::set_frq(unsigned)                   0x080074d9   Thumb Code   150  ebox_pwm.o(i._ZN3Pwm7set_frqEj)
    Pwm::set_duty(unsigned short)            0x08007571   Thumb Code   136  ebox_pwm.o(i._ZN3Pwm8set_dutyEt)
    Pwm::_set_duty(unsigned short)           0x080075fd   Thumb Code   166  ebox_pwm.o(i._ZN3Pwm9_set_dutyEt)
    Pwm::base_init(unsigned short, unsigned short) 0x080076a9   Thumb Code   108  ebox_pwm.o(i._ZN3Pwm9base_initEtt)
    Pwm::init_info(Gpio*)                    0x08007715   Thumb Code   344  ebox_pwm.o(i._ZN3Pwm9init_infoEP4Gpio)
    Pwm::Pwm(Gpio*)                          0x08007881   Thumb Code     4  ebox_pwm.o(i._ZN3PwmC1EP4Gpio)
    Pwm::Pwm__sub_object(Gpio*)              0x08007881   Thumb Code     0  ebox_pwm.o(i._ZN3PwmC1EP4Gpio)
    Spi::Spi(SPI_TypeDef*, Gpio*, Gpio*, Gpio*) 0x08007885   Thumb Code    52  ebox_spi.o(i._ZN3SpiC1EP11SPI_TypeDefP4GpioS3_S3_)
    Spi::Spi__sub_object(SPI_TypeDef*, Gpio*, Gpio*, Gpio*) 0x08007885   Thumb Code     0  ebox_spi.o(i._ZN3SpiC1EP11SPI_TypeDefP4GpioS3_S3_)
    Gpio::set()                              0x080078b9   Thumb Code     8  ebox_gpio.o(i._ZN4Gpio3setEv)
    Gpio::mode(PIN_MODE)                     0x080078c1   Thumb Code   362  ebox_gpio.o(i._ZN4Gpio4modeE8PIN_MODE)
    Gpio::toggle()                           0x08007a35   Thumb Code    14  ebox_gpio.o(i._ZN4Gpio6toggleEv)
    Gpio::Gpio(GPIO_TypeDef*, unsigned short) 0x08007a45   Thumb Code   124  ebox_gpio.o(i._ZN4GpioC1EP12GPIO_TypeDeft)
    Gpio::Gpio__sub_object(GPIO_TypeDef*, unsigned short) 0x08007a45   Thumb Code     0  ebox_gpio.o(i._ZN4GpioC1EP12GPIO_TypeDeft)
    Uart::dma_send_string(const char*, unsigned short) 0x08007ac9   Thumb Code    42  ebox_uart.o(i._ZN4Uart15dma_send_stringEPKct)
    Uart::_write(const char*, unsigned short) 0x08007af5   Thumb Code   112  ebox_uart.o(i._ZN4Uart6_writeEPKct)
    Uart::printf(const char*, ...)           0x08007b71   Thumb Code   126  ebox_uart.o(i._ZN4Uart6printfEPKcz)
    Uart::set_busy()                         0x08007bf1   Thumb Code    82  ebox_uart.o(i._ZN4Uart8set_busyEv)
    Uart::wait_busy()                        0x08007c51   Thumb Code   348  ebox_uart.o(i._ZN4Uart9wait_busyEv)
    Uart::Uart(USART_TypeDef*, Gpio*, Gpio*) 0x08007dcd   Thumb Code    68  ebox_uart.o(i._ZN4UartC1EP13USART_TypeDefP4GpioS3_)
    Uart::Uart__sub_object(USART_TypeDef*, Gpio*, Gpio*) 0x08007dcd   Thumb Code     0  ebox_uart.o(i._ZN4UartC1EP13USART_TypeDefP4GpioS3_)
    SoftI2c::SoftI2c(Gpio*, Gpio*)           0x08007e1d   Thumb Code     6  ebox_softi2c.o(i._ZN7SoftI2cC1EP4GpioS1_)
    SoftI2c::SoftI2c__sub_object(Gpio*, Gpio*) 0x08007e1d   Thumb Code     0  ebox_softi2c.o(i._ZN7SoftI2cC1EP4GpioS1_)
    SoftSpi::SoftSpi(Gpio*, Gpio*, Gpio*)    0x08007e23   Thumb Code     8  ebox_softspi.o(i._ZN7SoftSpiC1EP4GpioS1_S1_)
    SoftSpi::SoftSpi__sub_object(Gpio*, Gpio*, Gpio*) 0x08007e23   Thumb Code     0  ebox_softspi.o(i._ZN7SoftSpiC1EP4GpioS1_S1_)
    InCapture::get_capture()                 0x08007e2b   Thumb Code    50  ebox_in_capture.o(i._ZN9InCapture11get_captureEv)
    InCapture::_irq_handler(unsigned)        0x08007e5d   Thumb Code    46  ebox_in_capture.o(i._ZN9InCapture12_irq_handlerEj)
    InCapture::get_timer_clock()             0x08007e8b   Thumb Code    18  ebox_in_capture.o(i._ZN9InCapture15get_timer_clockEv)
    InCapture::set_polarity_falling()        0x08007e9d   Thumb Code    18  ebox_in_capture.o(i._ZN9InCapture20set_polarity_fallingEv)
    InCapture::get_timer_source_clock()      0x08007eb1   Thumb Code    46  ebox_in_capture.o(i._ZN9InCapture22get_timer_source_clockEv)
    InCapture::begin(unsigned short)         0x08007eed   Thumb Code   286  ebox_in_capture.o(i._ZN9InCapture5beginEt)
    InCapture::attach(void(*)())             0x08008045   Thumb Code    20  ebox_in_capture.o(i._ZN9InCapture6attachEPFvvE)
    InCapture::base_init(unsigned short, unsigned short) 0x08008059   Thumb Code   326  ebox_in_capture.o(i._ZN9InCapture9base_initEtt)
    InCapture::init_info(Gpio*)              0x080081a5   Thumb Code   226  ebox_in_capture.o(i._ZN9InCapture9init_infoEP4Gpio)
    InCapture::InCapture(Gpio*)              0x08008299   Thumb Code    58  ebox_in_capture.o(i._ZN9InCaptureC1EP4Gpio)
    InCapture::InCapture__sub_object(Gpio*)  0x08008299   Thumb Code     0  ebox_in_capture.o(i._ZN9InCaptureC1EP4Gpio)
    __ARM_fpclassify                         0x080082d3   Thumb Code    40  fpclassify.o(i.__ARM_fpclassify)
    __aeabi_vec_ctor_nocookie_nodtor         0x080082fb   Thumb Code    36  aeabi_vec_ctor_nocookie_nodtor.o(i.__aeabi_vec_ctor_nocookie_nodtor)
    _is_digit                                0x0800831f   Thumb Code    14  __printf_wp.o(i._is_digit)
    ebox_init                                0x0800832d   Thumb Code   242  ebox_core.o(i.ebox_init)
    millis                                   0x08008441   Thumb Code     8  ebox_core.o(i.millis)
    set_systick_user_event_per_sec           0x0800844d   Thumb Code    18  ebox_core.o(i.set_systick_user_event_per_sec)
    tim_irq_callback                         0x08008469   Thumb Code    18  ebox_timer.o(i.tim_irq_callback)
    tim_irq_init                             0x08008485   Thumb Code    16  ebox_timer.o(i.tim_irq_init)
    _get_lc_ctype                            0x0800849d   Thumb Code    44  lc_ctype_c.o(locale$$code)
    _get_lc_numeric                          0x080084c9   Thumb Code    44  lc_numeric_c.o(locale$$code)
    FunctionPointerArg1<void, void>::attach(void(*)()) 0x080084f5   Thumb Code     8  ebox_can.o(t._ZN19FunctionPointerArg1IvvE6attachEPFvvE)
    __aeabi_d2f                              0x080084fd   Thumb Code     0  d2f.o(x$fpl$d2f)
    _d2f                                     0x080084fd   Thumb Code    98  d2f.o(x$fpl$d2f)
    __aeabi_ddiv                             0x08008561   Thumb Code     0  ddiv.o(x$fpl$ddiv)
    _ddiv                                    0x08008561   Thumb Code   552  ddiv.o(x$fpl$ddiv)
    __aeabi_ui2d                             0x08008811   Thumb Code     0  dflt_clz.o(x$fpl$dfltu)
    _dfltu                                   0x08008811   Thumb Code    38  dflt_clz.o(x$fpl$dfltu)
    __fpl_dnaninf                            0x08008837   Thumb Code   156  dnaninf.o(x$fpl$dnaninf)
    __fpl_dretinf                            0x080088d3   Thumb Code    12  dretinf.o(x$fpl$dretinf)
    __aeabi_f2uiz                            0x080088e1   Thumb Code     0  ffixu.o(x$fpl$ffixu)
    _ffixu                                   0x080088e1   Thumb Code    62  ffixu.o(x$fpl$ffixu)
    __aeabi_ui2f                             0x08008921   Thumb Code     0  fflt_clz.o(x$fpl$ffltu)
    _ffltu                                   0x08008921   Thumb Code    38  fflt_clz.o(x$fpl$ffltu)
    __aeabi_fmul                             0x08008949   Thumb Code     0  fmul.o(x$fpl$fmul)
    _fmul                                    0x08008949   Thumb Code   258  fmul.o(x$fpl$fmul)
    __fpl_fnaninf                            0x08008a4b   Thumb Code   140  fnaninf.o(x$fpl$fnaninf)
    __fpl_fretinf                            0x08008ad7   Thumb Code    10  fretinf.o(x$fpl$fretinf)
    _printf_fp_dec                           0x08008ae1   Thumb Code     4  printf1.o(x$fpl$printf1)
    __I$use$fp                               0x08008ae4   Number         0  usenofp.o(x$fpl$usenofp)
    vtable for Uart                          0x08008c0c   Data          16  ebox_uart.o(.constdata__ZTV4Uart)
    vtable for Print                         0x08008c1c   Data          16  print.o(.constdata__ZTV5Print)
    Region$$Table$$Base                      0x08008c2c   Number         0  anon$$obj.o(Region$$Table)
    Region$$Table$$Limit                     0x08008c4c   Number         0  anon$$obj.o(Region$$Table)
    __ctype                                  0x08008c59   Data           0  lc_ctype_c.o(locale$$data)
    SHT$$INIT_ARRAY$$Base                    0x08008d78   Number         0  ir_decoder.o(.init_array)
    SHT$$INIT_ARRAY$$Limit                   0x08008d84   Number         0  init_aeabi.o(.init_array)
    cfgTOTAL_HEAP_SIZE                       0x2000000c   Data           4  heap.o(.data)
    memHeap                                  0x20000010   Data           4  heap.o(.data)
    SystemCoreClock                          0x20000034   Data           4  system_stm32f10x.o(.data)
    AHBPrescTable                            0x20000038   Data          16  system_stm32f10x.o(.data)
    pxCurrentTCB                             0x2000005c   Data           4  tasks.o(.data)
    millis_seconds                           0x200000b0   Data           8  ebox_core.o(.data)
    micro_para                               0x200000b8   Data           2  ebox_core.o(.data)
    systick_cb_table                         0x200000bc   Data           4  ebox_core.o(.data)
    systick_user_event_per_sec               0x200000c0   Data           2  ebox_core.o(.data)
    _systick_user_event_per_sec              0x200000c2   Data           2  ebox_core.o(.data)
    busy                                     0x200000cc   Data           5  ebox_uart.o(.data)
    t1_overflow_times                        0x200000d8   Data           2  ebox_it.o(.data)
    t2_overflow_times                        0x200000da   Data           2  ebox_it.o(.data)
    t3_overflow_times                        0x200000dc   Data           2  ebox_it.o(.data)
    t4_overflow_times                        0x200000de   Data           2  ebox_it.o(.data)
    ic                                       0x200000e0   Data          80  ir_decoder.o(.bss)
    PA0                                      0x200014e0   Data          12  object.o(.bss)
    PA1                                      0x200014ec   Data          12  object.o(.bss)
    PA2                                      0x200014f8   Data          12  object.o(.bss)
    PA3                                      0x20001504   Data          12  object.o(.bss)
    PA4                                      0x20001510   Data          12  object.o(.bss)
    PA5                                      0x2000151c   Data          12  object.o(.bss)
    PA6                                      0x20001528   Data          12  object.o(.bss)
    PA7                                      0x20001534   Data          12  object.o(.bss)
    PA8                                      0x20001540   Data          12  object.o(.bss)
    PA9                                      0x2000154c   Data          12  object.o(.bss)
    PA10                                     0x20001558   Data          12  object.o(.bss)
    PA11                                     0x20001564   Data          12  object.o(.bss)
    PA12                                     0x20001570   Data          12  object.o(.bss)
    PA13                                     0x2000157c   Data          12  object.o(.bss)
    PA14                                     0x20001588   Data          12  object.o(.bss)
    PA15                                     0x20001594   Data          12  object.o(.bss)
    PB0                                      0x200015a0   Data          12  object.o(.bss)
    PB1                                      0x200015ac   Data          12  object.o(.bss)
    PB2                                      0x200015b8   Data          12  object.o(.bss)
    PB3                                      0x200015c4   Data          12  object.o(.bss)
    PB4                                      0x200015d0   Data          12  object.o(.bss)
    PB5                                      0x200015dc   Data          12  object.o(.bss)
    PB6                                      0x200015e8   Data          12  object.o(.bss)
    PB7                                      0x200015f4   Data          12  object.o(.bss)
    PB8                                      0x20001600   Data          12  object.o(.bss)
    PB9                                      0x2000160c   Data          12  object.o(.bss)
    PB10                                     0x20001618   Data          12  object.o(.bss)
    PB11                                     0x20001624   Data          12  object.o(.bss)
    PB12                                     0x20001630   Data          12  object.o(.bss)
    PB13                                     0x2000163c   Data          12  object.o(.bss)
    PB14                                     0x20001648   Data          12  object.o(.bss)
    PB15                                     0x20001654   Data          12  object.o(.bss)
    PC0                                      0x20001660   Data          12  object.o(.bss)
    PC1                                      0x2000166c   Data          12  object.o(.bss)
    PC2                                      0x20001678   Data          12  object.o(.bss)
    PC3                                      0x20001684   Data          12  object.o(.bss)
    PC4                                      0x20001690   Data          12  object.o(.bss)
    PC5                                      0x2000169c   Data          12  object.o(.bss)
    PC6                                      0x200016a8   Data          12  object.o(.bss)
    PC7                                      0x200016b4   Data          12  object.o(.bss)
    PC8                                      0x200016c0   Data          12  object.o(.bss)
    PC9                                      0x200016cc   Data          12  object.o(.bss)
    PC10                                     0x200016d8   Data          12  object.o(.bss)
    PC11                                     0x200016e4   Data          12  object.o(.bss)
    PC12                                     0x200016f0   Data          12  object.o(.bss)
    PC13                                     0x200016fc   Data          12  object.o(.bss)
    PC14                                     0x20001708   Data          12  object.o(.bss)
    PC15                                     0x20001714   Data          12  object.o(.bss)
    PD0                                      0x20001720   Data          12  object.o(.bss)
    PD1                                      0x2000172c   Data          12  object.o(.bss)
    PD2                                      0x20001738   Data          12  object.o(.bss)
    PD3                                      0x20001744   Data          12  object.o(.bss)
    PD4                                      0x20001750   Data          12  object.o(.bss)
    PD5                                      0x2000175c   Data          12  object.o(.bss)
    PD6                                      0x20001768   Data          12  object.o(.bss)
    PD7                                      0x20001774   Data          12  object.o(.bss)
    PD8                                      0x20001780   Data          12  object.o(.bss)
    PD9                                      0x2000178c   Data          12  object.o(.bss)
    PD10                                     0x20001798   Data          12  object.o(.bss)
    PD11                                     0x200017a4   Data          12  object.o(.bss)
    PD12                                     0x200017b0   Data          12  object.o(.bss)
    PD13                                     0x200017bc   Data          12  object.o(.bss)
    PD14                                     0x200017c8   Data          12  object.o(.bss)
    PD15                                     0x200017d4   Data          12  object.o(.bss)
    PE0                                      0x200017e0   Data          12  object.o(.bss)
    PE1                                      0x200017ec   Data          12  object.o(.bss)
    PE2                                      0x200017f8   Data          12  object.o(.bss)
    PE3                                      0x20001804   Data          12  object.o(.bss)
    PE4                                      0x20001810   Data          12  object.o(.bss)
    PE5                                      0x2000181c   Data          12  object.o(.bss)
    PE6                                      0x20001828   Data          12  object.o(.bss)
    PE7                                      0x20001834   Data          12  object.o(.bss)
    PE8                                      0x20001840   Data          12  object.o(.bss)
    PE9                                      0x2000184c   Data          12  object.o(.bss)
    PE10                                     0x20001858   Data          12  object.o(.bss)
    PE11                                     0x20001864   Data          12  object.o(.bss)
    PE12                                     0x20001870   Data          12  object.o(.bss)
    PE13                                     0x2000187c   Data          12  object.o(.bss)
    PE14                                     0x20001888   Data          12  object.o(.bss)
    PE15                                     0x20001894   Data          12  object.o(.bss)
    PF0                                      0x200018a0   Data          12  object.o(.bss)
    PF1                                      0x200018ac   Data          12  object.o(.bss)
    PF2                                      0x200018b8   Data          12  object.o(.bss)
    PF3                                      0x200018c4   Data          12  object.o(.bss)
    PF4                                      0x200018d0   Data          12  object.o(.bss)
    PF5                                      0x200018dc   Data          12  object.o(.bss)
    PF6                                      0x200018e8   Data          12  object.o(.bss)
    PF7                                      0x200018f4   Data          12  object.o(.bss)
    PF8                                      0x20001900   Data          12  object.o(.bss)
    PF9                                      0x2000190c   Data          12  object.o(.bss)
    PF10                                     0x20001918   Data          12  object.o(.bss)
    PF11                                     0x20001924   Data          12  object.o(.bss)
    PF12                                     0x20001930   Data          12  object.o(.bss)
    PF13                                     0x2000193c   Data          12  object.o(.bss)
    PF14                                     0x20001948   Data          12  object.o(.bss)
    PF15                                     0x20001954   Data          12  object.o(.bss)
    PG0                                      0x20001960   Data          12  object.o(.bss)
    PG1                                      0x2000196c   Data          12  object.o(.bss)
    PG2                                      0x20001978   Data          12  object.o(.bss)
    PG3                                      0x20001984   Data          12  object.o(.bss)
    PG4                                      0x20001990   Data          12  object.o(.bss)
    PG5                                      0x2000199c   Data          12  object.o(.bss)
    PG6                                      0x200019a8   Data          12  object.o(.bss)
    PG7                                      0x200019b4   Data          12  object.o(.bss)
    PG8                                      0x200019c0   Data          12  object.o(.bss)
    PG9                                      0x200019cc   Data          12  object.o(.bss)
    PG10                                     0x200019d8   Data          12  object.o(.bss)
    PG11                                     0x200019e4   Data          12  object.o(.bss)
    PG12                                     0x200019f0   Data          12  object.o(.bss)
    PG13                                     0x200019fc   Data          12  object.o(.bss)
    PG14                                     0x20001a08   Data          12  object.o(.bss)
    PG15                                     0x20001a14   Data          12  object.o(.bss)
    uart1                                    0x20001a20   Data          72  object.o(.bss)
    uart2                                    0x20001a68   Data          72  object.o(.bss)
    uart3                                    0x20001ab0   Data          72  object.o(.bss)
    uart4                                    0x20001af8   Data          72  object.o(.bss)
    uart5                                    0x20001b40   Data          72  object.o(.bss)
    spi1                                     0x20001b88   Data          12  object.o(.bss)
    spi2                                     0x20001b94   Data          12  object.o(.bss)
    spi3                                     0x20001ba0   Data          12  object.o(.bss)
    sspi1                                    0x20001bac   Data          20  object.o(.bss)
    i2c1                                     0x20001bc0   Data          20  object.o(.bss)
    i2c2                                     0x20001bd4   Data          20  object.o(.bss)
    si2c                                     0x20001be8   Data          16  object.o(.bss)
    si2c1                                    0x20001bf8   Data          16  object.o(.bss)
    si2c2                                    0x20001c08   Data          16  object.o(.bss)
    can1                                     0x20001c18   Data          40  object.o(.bss)
    pwm1                                     0x20003108   Data          24  main.o(.bss)
    pwm2                                     0x20003120   Data          24  main.o(.bss)
    cpu                                      0x20003138   Data          48  ebox_core.o(.bss)
    AD_value                                 0x20003228   Data          32  ebox_analog.o(.bss)
    _random_number_data                      0x20003248   Data         228  rand.o(.bss)
    __libspace_start                         0x2000332c   Data          96  libspace.o(.bss)
    __temporary_stack_top$libspace           0x2000338c   Data           0  libspace.o(.bss)



==============================================================================

Memory Map of the image

  Image Entry point : 0x08000325

  Load Region LR_1 (Base: 0x08000000, Size: 0x00008e64, Max: 0xffffffff, ABSOLUTE)

    Execution Region ER_RO (Base: 0x08000000, Size: 0x00008d84, Max: 0xffffffff, ABSOLUTE)

    Base Addr    Size         Type   Attr      Idx    E Section Name        Object

    0x08000000   0x00000130   Data   RO            3    RESET               startup_stm32f10x_hd.o
    0x08000130   0x00000008   Code   RO         3384  * !!!main             c_w.l(__main.o)
    0x08000138   0x00000034   Code   RO         4114    !!!scatter          c_w.l(__scatter.o)
    0x0800016c   0x0000001a   Code   RO         4116    !!handler_copy      c_w.l(__scatter_copy.o)
    0x08000186   0x00000002   PAD
    0x08000188   0x0000001c   Code   RO         4118    !!handler_zi        c_w.l(__scatter_zi.o)
    0x080001a4   0x00000000   Code   RO         3341    .ARM.Collect$$_printf_percent$$00000000  c_w.l(_printf_percent.o)
    0x080001a4   0x00000006   Code   RO         3678    .ARM.Collect$$_printf_percent$$00000001  c_w.l(_printf_n.o)
    0x080001aa   0x00000006   Code   RO         3679    .ARM.Collect$$_printf_percent$$00000002  c_w.l(_printf_p.o)
    0x080001b0   0x00000006   Code   RO         3337    .ARM.Collect$$_printf_percent$$00000003  c_w.l(_printf_f.o)
    0x080001b6   0x00000006   Code   RO         3338    .ARM.Collect$$_printf_percent$$00000004  c_w.l(_printf_e.o)
    0x080001bc   0x00000006   Code   RO         3339    .ARM.Collect$$_printf_percent$$00000005  c_w.l(_printf_g.o)
    0x080001c2   0x00000006   Code   RO         3340    .ARM.Collect$$_printf_percent$$00000006  c_w.l(_printf_a.o)
    0x080001c8   0x0000000a   Code   RO         3687    .ARM.Collect$$_printf_percent$$00000007  c_w.l(_printf_ll.o)
    0x080001d2   0x00000006   Code   RO         3681    .ARM.Collect$$_printf_percent$$00000008  c_w.l(_printf_i.o)
    0x080001d8   0x00000006   Code   RO         3336    .ARM.Collect$$_printf_percent$$00000009  c_w.l(_printf_d.o)
    0x080001de   0x00000006   Code   RO         3682    .ARM.Collect$$_printf_percent$$0000000A  c_w.l(_printf_u.o)
    0x080001e4   0x00000006   Code   RO         3680    .ARM.Collect$$_printf_percent$$0000000B  c_w.l(_printf_o.o)
    0x080001ea   0x00000006   Code   RO         3335    .ARM.Collect$$_printf_percent$$0000000C  c_w.l(_printf_x.o)
    0x080001f0   0x00000006   Code   RO         3684    .ARM.Collect$$_printf_percent$$0000000D  c_w.l(_printf_lli.o)
    0x080001f6   0x00000006   Code   RO         3685    .ARM.Collect$$_printf_percent$$0000000E  c_w.l(_printf_lld.o)
    0x080001fc   0x00000006   Code   RO         3686    .ARM.Collect$$_printf_percent$$0000000F  c_w.l(_printf_llu.o)
    0x08000202   0x00000006   Code   RO         3691    .ARM.Collect$$_printf_percent$$00000010  c_w.l(_printf_llo.o)
    0x08000208   0x00000006   Code   RO         3692    .ARM.Collect$$_printf_percent$$00000011  c_w.l(_printf_llx.o)
    0x0800020e   0x0000000a   Code   RO         3688    .ARM.Collect$$_printf_percent$$00000012  c_w.l(_printf_l.o)
    0x08000218   0x00000006   Code   RO         3677    .ARM.Collect$$_printf_percent$$00000013  c_w.l(_printf_c.o)
    0x0800021e   0x00000006   Code   RO         3334    .ARM.Collect$$_printf_percent$$00000014  c_w.l(_printf_s.o)
    0x08000224   0x00000006   Code   RO         3689    .ARM.Collect$$_printf_percent$$00000015  c_w.l(_printf_lc.o)
    0x0800022a   0x00000006   Code   RO         3690    .ARM.Collect$$_printf_percent$$00000016  c_w.l(_printf_ls.o)
    0x08000230   0x00000004   Code   RO         3683    .ARM.Collect$$_printf_percent$$00000017  c_w.l(_printf_percent_end.o)
    0x08000234   0x00000002   Code   RO         3990    .ARM.Collect$$libinit$$00000000  c_w.l(libinit.o)
    0x08000236   0x00000000   Code   RO         3715    .ARM.Collect$$libinit$$00000002  c_w.l(libinit2.o)
    0x08000236   0x00000000   Code   RO         3717    .ARM.Collect$$libinit$$00000004  c_w.l(libinit2.o)
    0x08000236   0x00000000   Code   RO         3720    .ARM.Collect$$libinit$$0000000A  c_w.l(libinit2.o)
    0x08000236   0x00000000   Code   RO         3722    .ARM.Collect$$libinit$$0000000C  c_w.l(libinit2.o)
    0x08000236   0x00000004   Code   RO         3723    .ARM.Collect$$libinit$$0000000D  c_w.l(libinit2.o)
    0x0800023a   0x00000000   Code   RO         3724    .ARM.Collect$$libinit$$0000000E  c_w.l(libinit2.o)
    0x0800023a   0x00000006   Code   RO         3725    .ARM.Collect$$libinit$$0000000F  c_w.l(libinit2.o)
    0x08000240   0x00000000   Code   RO         3727    .ARM.Collect$$libinit$$00000011  c_w.l(libinit2.o)
    0x08000240   0x0000000c   Code   RO         3728    .ARM.Collect$$libinit$$00000012  c_w.l(libinit2.o)
    0x0800024c   0x00000000   Code   RO         3729    .ARM.Collect$$libinit$$00000013  c_w.l(libinit2.o)
    0x0800024c   0x00000000   Code   RO         3731    .ARM.Collect$$libinit$$00000015  c_w.l(libinit2.o)
    0x0800024c   0x0000000a   Code   RO         3732    .ARM.Collect$$libinit$$00000016  c_w.l(libinit2.o)
    0x08000256   0x00000000   Code   RO         3733    .ARM.Collect$$libinit$$00000017  c_w.l(libinit2.o)
    0x08000256   0x00000000   Code   RO         3735    .ARM.Collect$$libinit$$00000019  c_w.l(libinit2.o)
    0x08000256   0x00000000   Code   RO         3737    .ARM.Collect$$libinit$$0000001B  c_w.l(libinit2.o)
    0x08000256   0x00000000   Code   RO         3739    .ARM.Collect$$libinit$$0000001D  c_w.l(libinit2.o)
    0x08000256   0x00000000   Code   RO         3741    .ARM.Collect$$libinit$$0000001F  c_w.l(libinit2.o)
    0x08000256   0x00000000   Code   RO         3743    .ARM.Collect$$libinit$$00000021  c_w.l(libinit2.o)
    0x08000256   0x00000000   Code   RO         3745    .ARM.Collect$$libinit$$00000023  c_w.l(libinit2.o)
    0x08000256   0x00000000   Code   RO         3747    .ARM.Collect$$libinit$$00000025  c_w.l(libinit2.o)
    0x08000256   0x00000000   Code   RO         3751    .ARM.Collect$$libinit$$0000002C  c_w.l(libinit2.o)
    0x08000256   0x00000000   Code   RO         3753    .ARM.Collect$$libinit$$0000002E  c_w.l(libinit2.o)
    0x08000256   0x00000000   Code   RO         3755    .ARM.Collect$$libinit$$00000030  c_w.l(libinit2.o)
    0x08000256   0x00000004   Code   RO         3756    .ARM.Collect$$libinit$$00000031  c_w.l(libinit2.o)
    0x0800025a   0x00000000   Code   RO         3757    .ARM.Collect$$libinit$$00000032  c_w.l(libinit2.o)
    0x0800025a   0x00000002   Code   RO         3758    .ARM.Collect$$libinit$$00000033  c_w.l(libinit2.o)
    0x0800025c   0x00000002   Code   RO         4076    .ARM.Collect$$libshutdown$$00000000  c_w.l(libshutdown.o)
    0x0800025e   0x00000000   Code   RO         4017    .ARM.Collect$$libshutdown$$00000002  c_w.l(libshutdown2.o)
    0x0800025e   0x00000000   Code   RO         4019    .ARM.Collect$$libshutdown$$00000004  c_w.l(libshutdown2.o)
    0x0800025e   0x00000000   Code   RO         4022    .ARM.Collect$$libshutdown$$00000007  c_w.l(libshutdown2.o)
    0x0800025e   0x00000000   Code   RO         4025    .ARM.Collect$$libshutdown$$0000000A  c_w.l(libshutdown2.o)
    0x0800025e   0x00000000   Code   RO         4027    .ARM.Collect$$libshutdown$$0000000C  c_w.l(libshutdown2.o)
    0x0800025e   0x00000000   Code   RO         4030    .ARM.Collect$$libshutdown$$0000000F  c_w.l(libshutdown2.o)
    0x0800025e   0x00000002   Code   RO         4031    .ARM.Collect$$libshutdown$$00000010  c_w.l(libshutdown2.o)
    0x08000260   0x00000000   Code   RO         3598    .ARM.Collect$$rtentry$$00000000  c_w.l(__rtentry.o)
    0x08000260   0x00000000   Code   RO         3814    .ARM.Collect$$rtentry$$00000002  c_w.l(__rtentry2.o)
    0x08000260   0x00000006   Code   RO         3826    .ARM.Collect$$rtentry$$00000004  c_w.l(__rtentry4.o)
    0x08000266   0x00000000   Code   RO         3816    .ARM.Collect$$rtentry$$00000009  c_w.l(__rtentry2.o)
    0x08000266   0x00000004   Code   RO         3817    .ARM.Collect$$rtentry$$0000000A  c_w.l(__rtentry2.o)
    0x0800026a   0x00000000   Code   RO         3819    .ARM.Collect$$rtentry$$0000000C  c_w.l(__rtentry2.o)
    0x0800026a   0x00000008   Code   RO         3820    .ARM.Collect$$rtentry$$0000000D  c_w.l(__rtentry2.o)
    0x08000272   0x00000002   Code   RO         4004    .ARM.Collect$$rtexit$$00000000  c_w.l(rtexit.o)
    0x08000274   0x00000000   Code   RO         4048    .ARM.Collect$$rtexit$$00000002  c_w.l(rtexit2.o)
    0x08000274   0x00000004   Code   RO         4049    .ARM.Collect$$rtexit$$00000003  c_w.l(rtexit2.o)
    0x08000278   0x00000006   Code   RO         4050    .ARM.Collect$$rtexit$$00000004  c_w.l(rtexit2.o)
    0x0800027e   0x00000002   PAD
    0x08000280   0x000000a2   Code   RO         2529    .emb_text           port.o
    0x08000322   0x00000002   PAD
    0x08000324   0x00000040   Code   RO            4  * .text               startup_stm32f10x_hd.o
    0x08000364   0x000001a8   Code   RO          469    .text               ir_decoder.o
    0x0800050c   0x00000028   Code   RO         1755    .text               ebox_mem.o
    0x08000534   0x00000254   Code   RO         1777    .text               heap.o
    0x08000788   0x000002e8   Code   RO         1965    .text               ebox_can.o
    0x08000a70   0x00000834   Code   RO         2017    .text               object.o
    0x080012a4   0x000001e0   Code   RO         2084    .text               system_stm32f10x.o
    0x08001484   0x000000dc   Code   RO         2121    .text               misc.o
    0x08001560   0x0000044e   Code   RO         2133    .text               stm32f10x_adc.o
    0x080019ae   0x00000002   PAD
    0x080019b0   0x000009f0   Code   RO         2157    .text               stm32f10x_can.o
    0x080023a0   0x00000254   Code   RO         2217    .text               stm32f10x_dma.o
    0x080025f4   0x0000011c   Code   RO         2229    .text               stm32f10x_exti.o
    0x08002710   0x0000035c   Code   RO         2265    .text               stm32f10x_gpio.o
    0x08002a6c   0x000003a4   Code   RO         2313    .text               stm32f10x_rcc.o
    0x08002e10   0x00000e1a   Code   RO         2363    .text               stm32f10x_tim.o
    0x08003c2a   0x00000002   PAD
    0x08003c2c   0x00000408   Code   RO         2375    .text               stm32f10x_usart.o
    0x08004034   0x00000094   Code   RO         2462    .text               list.o
    0x080040c8   0x00000f74   Code   RO         2489    .text               tasks.o
    0x0800503c   0x000001e4   Code   RO         2514    .text               heap_4.o
    0x08005220   0x000000d4   Code   RO         2530    .text               port.o
    0x080052f4   0x0000007c   Code   RO         2575    .text               main.o
    0x08005370   0x00000010   Code   RO         3205    .text               c_w.l(rt_ctype_table.o)
    0x08005380   0x000000ee   Code   RO         3271    .text               c_w.l(lludivv7m.o)
    0x0800546e   0x00000002   PAD
    0x08005470   0x00000034   Code   RO         3277    .text               c_w.l(_vsnprintf.o)
    0x080054a4   0x00000024   Code   RO         3279    .text               c_w.l(c89vsprintf.o)
    0x080054c8   0x0000004e   Code   RO         3287    .text               c_w.l(_printf_pad.o)
    0x08005516   0x00000052   Code   RO         3289    .text               c_w.l(_printf_str.o)
    0x08005568   0x00000078   Code   RO         3291    .text               c_w.l(_printf_dec.o)
    0x080055e0   0x00000094   Code   RO         3311    .text               c_w.l(_printf_hex_int_ll_ptr.o)
    0x08005674   0x00000188   Code   RO         3331    .text               c_w.l(__printf_flags_ss_wp.o)
    0x080057fc   0x0000003c   Code   RO         3345    .text               c_w.l(rand.o)
    0x08005838   0x00000080   Code   RO         3380    .text               c_w.l(strcmpv7m.o)
    0x080058b8   0x00000006   Code   RO         3382    .text               c_w.l(heapauxi.o)
    0x080058be   0x00000002   PAD
    0x080058c0   0x00000024   Code   RO         3389    .text               c_w.l(init_aeabi.o)
    0x080058e4   0x00000008   Code   RO         3611    .text               c_w.l(rt_locale_intlibspace.o)
    0x080058ec   0x00000024   Code   RO         3647    .text               c_w.l(_printf_truncate.o)
    0x08005910   0x000000b2   Code   RO         3649    .text               c_w.l(_printf_intcommon.o)
    0x080059c2   0x00000028   Code   RO         3651    .text               c_w.l(_printf_charcount.o)
    0x080059ea   0x0000041a   Code   RO         3653    .text               c_w.l(_printf_fp_dec.o)
    0x08005e04   0x00000030   Code   RO         3658    .text               c_w.l(_printf_char_common.o)
    0x08005e34   0x0000000a   Code   RO         3660    .text               c_w.l(_sputc.o)
    0x08005e3e   0x00000010   Code   RO         3662    .text               c_w.l(_snputc.o)
    0x08005e4e   0x0000002c   Code   RO         3664    .text               c_w.l(_printf_char.o)
    0x08005e7a   0x00000002   PAD
    0x08005e7c   0x000000bc   Code   RO         3666    .text               c_w.l(_printf_wctomb.o)
    0x08005f38   0x0000007c   Code   RO         3669    .text               c_w.l(_printf_longlong_dec.o)
    0x08005fb4   0x00000070   Code   RO         3675    .text               c_w.l(_printf_oct_int_ll.o)
    0x08006024   0x0000000c   Code   RO         3808    .text               c_w.l(sys_exit.o)
    0x08006030   0x00000008   Code   RO         3810    .text               c_w.l(libspace.o)
    0x08006038   0x0000008a   Code   RO         3842    .text               c_w.l(lludiv10.o)
    0x080060c2   0x00000002   PAD
    0x080060c4   0x00000080   Code   RO         3844    .text               c_w.l(_printf_fp_infnan.o)
    0x08006144   0x0000002c   Code   RO         3848    .text               c_w.l(_printf_wchar.o)
    0x08006170   0x000000dc   Code   RO         3854    .text               c_w.l(bigflt0.o)
    0x0800624c   0x00000040   Code   RO         3879    .text               c_w.l(_wcrtomb.o)
    0x0800628c   0x00000002   Code   RO         3949    .text               c_w.l(use_no_semi.o)
    0x0800628e   0x00000000   Code   RO         3951    .text               c_w.l(indicate_semi.o)
    0x0800628e   0x0000004a   Code   RO         3952    .text               c_w.l(sys_stackheap_outer.o)
    0x080062d8   0x00000012   Code   RO         3967    .text               c_w.l(exit.o)
    0x080062ea   0x0000003e   Code   RO         3857    CL$$btod_d2e        c_w.l(btod.o)
    0x08006328   0x00000046   Code   RO         3859    CL$$btod_d2e_denorm_low  c_w.l(btod.o)
    0x0800636e   0x00000060   Code   RO         3858    CL$$btod_d2e_norm_op1  c_w.l(btod.o)
    0x080063ce   0x00000338   Code   RO         3867    CL$$btod_div_common  c_w.l(btod.o)
    0x08006706   0x000000c6   Code   RO         3864    CL$$btod_e2e        c_w.l(btod.o)
    0x080067cc   0x00000028   Code   RO         3861    CL$$btod_ediv       c_w.l(btod.o)
    0x080067f4   0x00000028   Code   RO         3860    CL$$btod_emul       c_w.l(btod.o)
    0x0800681c   0x00000244   Code   RO         3866    CL$$btod_mult_common  c_w.l(btod.o)
    0x08006a60   0x00000014   Code   RO         3078    i.<Func3>           ebox.lib(ebox_uart.o)
    0x08006a74   0x00000004   Code   RO         3163    i.BusFault_Handler  ebox.lib(ebox_it.o)
    0x08006a78   0x00000002   Code   RO         3164    i.DebugMon_Handler  ebox.lib(ebox_it.o)
    0x08006a7a   0x00000002   PAD
    0x08006a7c   0x00000024   Code   RO         2645    i.EXTI0_IRQHandler  ebox.lib(ebox_exti.o)
    0x08006aa0   0x000000b4   Code   RO         2646    i.EXTI15_10_IRQHandler  ebox.lib(ebox_exti.o)
    0x08006b54   0x00000024   Code   RO         2647    i.EXTI1_IRQHandler  ebox.lib(ebox_exti.o)
    0x08006b78   0x00000024   Code   RO         2648    i.EXTI2_IRQHandler  ebox.lib(ebox_exti.o)
    0x08006b9c   0x00000024   Code   RO         2649    i.EXTI3_IRQHandler  ebox.lib(ebox_exti.o)
    0x08006bc0   0x00000024   Code   RO         2650    i.EXTI4_IRQHandler  ebox.lib(ebox_exti.o)
    0x08006be4   0x0000008c   Code   RO         2651    i.EXTI9_5_IRQHandler  ebox.lib(ebox_exti.o)
    0x08006c70   0x00000004   Code   RO         3165    i.HardFault_Handler  ebox.lib(ebox_it.o)
    0x08006c74   0x00000004   Code   RO         3166    i.MemManage_Handler  ebox.lib(ebox_it.o)
    0x08006c78   0x00000002   Code   RO         3167    i.NMI_Handler       ebox.lib(ebox_it.o)
    0x08006c7a   0x00000002   PAD
    0x08006c7c   0x00000048   Code   RO         2592    i.SysTick_Handler   ebox.lib(ebox_core.o)
    0x08006cc4   0x00000098   Code   RO         3168    i.TIM1_UP_IRQHandler  ebox.lib(ebox_it.o)
    0x08006d5c   0x00000094   Code   RO         3169    i.TIM2_IRQHandler   ebox.lib(ebox_it.o)
    0x08006df0   0x00000098   Code   RO         3170    i.TIM3_IRQHandler   ebox.lib(ebox_it.o)
    0x08006e88   0x00000098   Code   RO         3171    i.TIM4_IRQHandler   ebox.lib(ebox_it.o)
    0x08006f20   0x0000008c   Code   RO         3172    i.TIM5_IRQHandler   ebox.lib(ebox_it.o)
    0x08006fac   0x00000024   Code   RO         3173    i.TIM6_IRQHandler   ebox.lib(ebox_it.o)
    0x08006fd0   0x00000024   Code   RO         3174    i.TIM7_IRQHandler   ebox.lib(ebox_it.o)
    0x08006ff4   0x00000064   Code   RO         3079    i.UART4_IRQHandler  ebox.lib(ebox_uart.o)
    0x08007058   0x00000064   Code   RO         3080    i.UART5_IRQHandler  ebox.lib(ebox_uart.o)
    0x080070bc   0x00000064   Code   RO         3081    i.USART1_IRQHandler  ebox.lib(ebox_uart.o)
    0x08007120   0x00000064   Code   RO         3082    i.USART2_IRQHandler  ebox.lib(ebox_uart.o)
    0x08007184   0x00000064   Code   RO         3083    i.USART3_IRQHandler  ebox.lib(ebox_uart.o)
    0x080071e8   0x00000004   Code   RO         3175    i.UsageFault_Handler  ebox.lib(ebox_it.o)
    0x080071ec   0x0000000c   Code   RO         2627    i._Z11random_seedt  ebox.lib(ebox_common.o)
    0x080071f8   0x00000024   Code   RO          484    i._Z11store_valuet  ir_decoder.o
    0x0800721c   0x00000030   Code   RO         2593    i._Z13get_chip_infov  ebox.lib(ebox_core.o)
    0x0800724c   0x00000024   Code   RO         2594    i._Z16get_system_clockP11cpu_clock_t  ebox.lib(ebox_core.o)
    0x08007270   0x00000050   Code   RO         3148    i._Z17DMA_configurationv  ebox.lib(ebox_analog.o)
    0x080072c0   0x0000012c   Code   RO         3149    i._Z18ADC1_configurationv  ebox.lib(ebox_analog.o)
    0x080073ec   0x0000003c   Code   RO         3151    i._Z9ADC1_initv     ebox.lib(ebox_analog.o)
    0x08007428   0x0000000e   Code   RO         2739    i._ZN3I2cC1EP11I2C_TypeDefP4GpioS3_  ebox.lib(ebox_i2c.o)
    0x08007436   0x00000012   Code   RO         2853    i._ZN3Pwm11get_max_frqEv  ebox.lib(ebox_pwm.o)
    0x08007448   0x00000020   Code   RO         2855    i._ZN3Pwm15set_oc_polarityEh  ebox.lib(ebox_pwm.o)
    0x08007468   0x0000003c   Code   RO         2856    i._ZN3Pwm22get_timer_source_clockEv  ebox.lib(ebox_pwm.o)
    0x080074a4   0x00000034   Code   RO         2857    i._ZN3Pwm5beginEjt  ebox.lib(ebox_pwm.o)
    0x080074d8   0x00000096   Code   RO         2858    i._ZN3Pwm7set_frqEj  ebox.lib(ebox_pwm.o)
    0x0800756e   0x00000002   PAD
    0x08007570   0x0000008c   Code   RO         2859    i._ZN3Pwm8set_dutyEt  ebox.lib(ebox_pwm.o)
    0x080075fc   0x000000ac   Code   RO         2860    i._ZN3Pwm9_set_dutyEt  ebox.lib(ebox_pwm.o)
    0x080076a8   0x0000006c   Code   RO         2861    i._ZN3Pwm9base_initEtt  ebox.lib(ebox_pwm.o)
    0x08007714   0x0000016c   Code   RO         2862    i._ZN3Pwm9init_infoEP4Gpio  ebox.lib(ebox_pwm.o)
    0x08007880   0x00000004   Code   RO         2863    i._ZN3PwmC1EP4Gpio  ebox.lib(ebox_pwm.o)
    0x08007884   0x00000034   Code   RO         3006    i._ZN3SpiC1EP11SPI_TypeDefP4GpioS3_S3_  ebox.lib(ebox_spi.o)
    0x080078b8   0x00000008   Code   RO         2689    i._ZN4Gpio3setEv    ebox.lib(ebox_gpio.o)
    0x080078c0   0x00000174   Code   RO         2690    i._ZN4Gpio4modeE8PIN_MODE  ebox.lib(ebox_gpio.o)
    0x08007a34   0x0000000e   Code   RO         2695    i._ZN4Gpio6toggleEv  ebox.lib(ebox_gpio.o)
    0x08007a42   0x00000002   PAD
    0x08007a44   0x00000084   Code   RO         2696    i._ZN4GpioC1EP12GPIO_TypeDeft  ebox.lib(ebox_gpio.o)
    0x08007ac8   0x0000002a   Code   RO         3085    i._ZN4Uart15dma_send_stringEPKct  ebox.lib(ebox_uart.o)
    0x08007af2   0x00000002   PAD
    0x08007af4   0x0000007c   Code   RO         3091    i._ZN4Uart6_writeEPKct  ebox.lib(ebox_uart.o)
    0x08007b70   0x0000007e   Code   RO         3093    i._ZN4Uart6printfEPKcz  ebox.lib(ebox_uart.o)
    0x08007bee   0x00000002   PAD
    0x08007bf0   0x00000060   Code   RO         3094    i._ZN4Uart8set_busyEv  ebox.lib(ebox_uart.o)
    0x08007c50   0x0000017c   Code   RO         3096    i._ZN4Uart9wait_busyEv  ebox.lib(ebox_uart.o)
    0x08007dcc   0x00000050   Code   RO         3097    i._ZN4UartC1EP13USART_TypeDefP4GpioS3_  ebox.lib(ebox_uart.o)
    0x08007e1c   0x00000006   Code   RO         2908    i._ZN7SoftI2cC1EP4GpioS1_  ebox.lib(ebox_softi2c.o)
    0x08007e22   0x00000008   Code   RO         2962    i._ZN7SoftSpiC1EP4GpioS1_S1_  ebox.lib(ebox_softspi.o)
    0x08007e2a   0x00000032   Code   RO         2776    i._ZN9InCapture11get_captureEv  ebox.lib(ebox_in_capture.o)
    0x08007e5c   0x0000002e   Code   RO         2777    i._ZN9InCapture12_irq_handlerEj  ebox.lib(ebox_in_capture.o)
    0x08007e8a   0x00000012   Code   RO         2781    i._ZN9InCapture15get_timer_clockEv  ebox.lib(ebox_in_capture.o)
    0x08007e9c   0x00000012   Code   RO         2791    i._ZN9InCapture20set_polarity_fallingEv  ebox.lib(ebox_in_capture.o)
    0x08007eae   0x00000002   PAD
    0x08007eb0   0x0000003c   Code   RO         2792    i._ZN9InCapture22get_timer_source_clockEv  ebox.lib(ebox_in_capture.o)
    0x08007eec   0x00000158   Code   RO         2794    i._ZN9InCapture5beginEt  ebox.lib(ebox_in_capture.o)
    0x08008044   0x00000014   Code   RO         2795    i._ZN9InCapture6attachEPFvvE  ebox.lib(ebox_in_capture.o)
    0x08008058   0x0000014c   Code   RO         2797    i._ZN9InCapture9base_initEtt  ebox.lib(ebox_in_capture.o)
    0x080081a4   0x000000f4   Code   RO         2798    i._ZN9InCapture9init_infoEP4Gpio  ebox.lib(ebox_in_capture.o)
    0x08008298   0x0000003a   Code   RO         2800    i._ZN9InCaptureC1EP4Gpio  ebox.lib(ebox_in_capture.o)
    0x080082d2   0x00000028   Code   RO         3945    i.__ARM_fpclassify  m_ws.l(fpclassify.o)
    0x080082fa   0x00000024   Code   RO         3505    i.__aeabi_vec_ctor_nocookie_nodtor  cpprt_w.l(aeabi_vec_ctor_nocookie_nodtor.o)
    0x0800831e   0x0000000e   Code   RO         3324    i._is_digit         c_w.l(__printf_wp.o)
    0x0800832c   0x00000114   Code   RO         2598    i.ebox_init         ebox.lib(ebox_core.o)
    0x08008440   0x0000000c   Code   RO         2601    i.millis            ebox.lib(ebox_core.o)
    0x0800844c   0x0000001c   Code   RO         2602    i.set_systick_user_event_per_sec  ebox.lib(ebox_core.o)
    0x08008468   0x0000001c   Code   RO         3044    i.tim_irq_callback  ebox.lib(ebox_timer.o)
    0x08008484   0x00000018   Code   RO         3045    i.tim_irq_init      ebox.lib(ebox_timer.o)
    0x0800849c   0x0000002c   Code   RO         3698    locale$$code        c_w.l(lc_ctype_c.o)
    0x080084c8   0x0000002c   Code   RO         3882    locale$$code        c_w.l(lc_numeric_c.o)
    0x080084f4   0x00000008   Code   RO         1978    t._ZN19FunctionPointerArg1IvvE6attachEPFvvE  ebox_can.o
    0x080084fc   0x00000062   Code   RO         3508    x$fpl$d2f           fz_ws.l(d2f.o)
    0x0800855e   0x00000002   PAD
    0x08008560   0x000002b0   Code   RO         3517    x$fpl$ddiv          fz_ws.l(ddiv.o)
    0x08008810   0x00000026   Code   RO         3530    x$fpl$dfltu         fz_ws.l(dflt_clz.o)
    0x08008836   0x0000009c   Code   RO         3793    x$fpl$dnaninf       fz_ws.l(dnaninf.o)
    0x080088d2   0x0000000c   Code   RO         3795    x$fpl$dretinf       fz_ws.l(dretinf.o)
    0x080088de   0x00000002   PAD
    0x080088e0   0x0000003e   Code   RO         3560    x$fpl$ffixu         fz_ws.l(ffixu.o)
    0x0800891e   0x00000002   PAD
    0x08008920   0x00000026   Code   RO         3564    x$fpl$ffltu         fz_ws.l(fflt_clz.o)
    0x08008946   0x00000002   PAD
    0x08008948   0x00000102   Code   RO         3572    x$fpl$fmul          fz_ws.l(fmul.o)
    0x08008a4a   0x0000008c   Code   RO         3799    x$fpl$fnaninf       fz_ws.l(fnaninf.o)
    0x08008ad6   0x0000000a   Code   RO         3801    x$fpl$fretinf       fz_ws.l(fretinf.o)
    0x08008ae0   0x00000004   Code   RO         3576    x$fpl$printf1       fz_ws.l(printf1.o)
    0x08008ae4   0x00000000   Code   RO         3805    x$fpl$usenofp       fz_ws.l(usenofp.o)
    0x08008ae4   0x00000050   Data   RO         1967    .constdata          ebox_can.o
    0x08008b34   0x00000028   Data   RO         3312    .constdata          c_w.l(_printf_hex_int_ll_ptr.o)
    0x08008b5c   0x00000011   Data   RO         3332    .constdata          c_w.l(__printf_flags_ss_wp.o)
    0x08008b6d   0x00000003   PAD
    0x08008b70   0x00000008   Data   RO         3667    .constdata          c_w.l(_printf_wctomb.o)
    0x08008b78   0x00000094   Data   RO         3855    .constdata          c_w.l(bigflt0.o)
    0x08008c0c   0x00000010   Data   RO         3144    .constdata__ZTV4Uart  ebox.lib(ebox_uart.o)
    0x08008c1c   0x00000010   Data   RO         1825    .constdata__ZTV5Print  print.o
    0x08008c2c   0x00000020   Data   RO         4112    Region$$Table       anon$$obj.o
    0x08008c4c   0x00000110   Data   RO         3697    locale$$data        c_w.l(lc_ctype_c.o)
    0x08008d5c   0x0000001c   Data   RO         3881    locale$$data        c_w.l(lc_numeric_c.o)
    0x08008d78   0x00000004   Data   RO          473    .init_array         ir_decoder.o
    0x08008d7c   0x00000004   Data   RO         2020    .init_array         object.o
    0x08008d80   0x00000004   Data   RO         2578    .init_array         main.o
    0x08008d84   0x00000000   Data   RO         3387    .init_array         c_w.l(init_aeabi.o)


    Execution Region ER_RW (Base: 0x20000000, Size: 0x000000e0, Max: 0xffffffff, ABSOLUTE)

    Base Addr    Size         Type   Attr      Idx    E Section Name        Object

    0x20000000   0x0000000a   Data   RW          472    .data               ir_decoder.o
    0x2000000a   0x00000002   PAD
    0x2000000c   0x00000020   Data   RW         1779    .data               heap.o
    0x2000002c   0x00000008   Data   RW         1968    .data               ebox_can.o
    0x20000034   0x00000014   Data   RW         2085    .data               system_stm32f10x.o
    0x20000048   0x00000014   Data   RW         2314    .data               stm32f10x_rcc.o
    0x2000005c   0x00000038   Data   RW         2491    .data               tasks.o
    0x20000094   0x00000018   Data   RW         2516    .data               heap_4.o
    0x200000ac   0x00000004   Data   RW         2531    .data               port.o
    0x200000b0   0x00000014   Data   RW         2615    .data               ebox.lib(ebox_core.o)
    0x200000c4   0x00000004   Data   RW         2674    .data               ebox.lib(ebox_exti.o)
    0x200000c8   0x00000004   Data   RW         3062    .data               ebox.lib(ebox_timer.o)
    0x200000cc   0x0000000c   Data   RW         3121    .data               ebox.lib(ebox_uart.o)
    0x200000d8   0x00000008   Data   RW         3189    .data               ebox.lib(ebox_it.o)


    Execution Region ER_ZI (Base: 0x200000e0, Size: 0x000038b0, Max: 0xffffffff, ABSOLUTE)

    Base Addr    Size         Type   Attr      Idx    E Section Name        Object

    0x200000e0   0x00000074   Zero   RW          471    .bss                ir_decoder.o
    0x20000154   0x00000004   PAD
    0x20000158   0x00001388   Zero   RW         1778    .bss                heap.o
    0x200014e0   0x00000760   Zero   RW         2019    .bss                object.o
    0x20001c40   0x000000c8   Zero   RW         2490    .bss                tasks.o
    0x20001d08   0x00001400   Zero   RW         2515    .bss                heap_4.o
    0x20003108   0x00000030   Zero   RW         2577    .bss                main.o
    0x20003138   0x00000030   Zero   RW         2614    .bss                ebox.lib(ebox_core.o)
    0x20003168   0x00000040   Zero   RW         2673    .bss                ebox.lib(ebox_exti.o)
    0x200031a8   0x0000006c   Zero   RW         3061    .bss                ebox.lib(ebox_timer.o)
    0x20003214   0x00000014   Zero   RW         3120    .bss                ebox.lib(ebox_uart.o)
    0x20003228   0x00000020   Zero   RW         3157    .bss                ebox.lib(ebox_analog.o)
    0x20003248   0x000000e4   Zero   RW         3346    .bss                c_w.l(rand.o)
    0x2000332c   0x00000060   Zero   RW         3811    .bss                c_w.l(libspace.o)
    0x2000338c   0x00000004   PAD
    0x20003390   0x00000200   Zero   RW            2    HEAP                startup_stm32f10x_hd.o
    0x20003590   0x00000400   Zero   RW            1    STACK               startup_stm32f10x_hd.o


==============================================================================

Image component sizes


      Code (inc. data)   RO Data    RW Data    ZI Data      Debug   Object Name

         0          0          0          0          0     233264   74HC595.o
         0          0          0          0          0     278764   crc.o
         0          0          0          0          0       9940   croutine.o
         0          0          0          0          0       1228   dtostrf.o
       752         16         80          8          0      10386   ebox_can.o
        40          0          0          0          0        806   ebox_mem.o
       596         28          0         32       5000       4694   heap.o
       484         24          0         24       5120       3264   heap_4.o
       460         40          4         10        116       4684   ir_decoder.o
       148          0          0          0          0       1858   list.o
       124         24          4          0         48        817   main.o
         0          0          0          0          0       5960   mb.o
       220         22          0          0          0       1945   misc.o
      2100        678          4          0       1888      11127   object.o
       374         30          0          4          0       4487   port.o
         0          0         16          0          0          0   print.o
        64         26        304          0       1536        956   startup_stm32f10x_hd.o
      1102         26          0          0          0      11189   stm32f10x_adc.o
      2544         38          0          0          0       8172   stm32f10x_can.o
       596          8          0          0          0       4510   stm32f10x_dma.o
       284         10          0          0          0       2399   stm32f10x_exti.o
       860         38          0          0          0       5877   stm32f10x_gpio.o
       932         36          0         20          0       9080   stm32f10x_rcc.o
      3610         88          0          0          0      22984   stm32f10x_tim.o
      1032         22          0          0          0       8604   stm32f10x_usart.o
       480         38          0         20          0       2079   system_stm32f10x.o
      3956        244          0         56        200      17316   tasks.o

    ----------------------------------------------------------------------
     20764       1436        444        176      13912     666390   Object Totals
         0          0         32          0          0          0   (incl. Generated)
         6          0          0          2          4          0   (incl. Padding)

    ----------------------------------------------------------------------

      Code (inc. data)   RO Data    RW Data    ZI Data      Debug   Library Member Name

         8          0          0          0          0         68   __main.o
       392          4         17          0          0         92   __printf_flags_ss_wp.o
        14          0          0          0          0         68   __printf_wp.o
         0          0          0          0          0          0   __rtentry.o
        12          0          0          0          0          0   __rtentry2.o
         6          0          0          0          0          0   __rtentry4.o
        52          8          0          0          0          0   __scatter.o
        26          0          0          0          0          0   __scatter_copy.o
        28          0          0          0          0          0   __scatter_zi.o
         6          0          0          0          0          0   _printf_a.o
         6          0          0          0          0          0   _printf_c.o
        44          0          0          0          0        108   _printf_char.o
        48          6          0          0          0         96   _printf_char_common.o
        40          0          0          0          0         68   _printf_charcount.o
         6          0          0          0          0          0   _printf_d.o
       120         16          0          0          0         92   _printf_dec.o
         6          0          0          0          0          0   _printf_e.o
         6          0          0          0          0          0   _printf_f.o
      1050          0          0          0          0        216   _printf_fp_dec.o
       128         16          0          0          0         84   _printf_fp_infnan.o
         6          0          0          0          0          0   _printf_g.o
       148          4         40          0          0        160   _printf_hex_int_ll_ptr.o
         6          0          0          0          0          0   _printf_i.o
       178          0          0          0          0         88   _printf_intcommon.o
        10          0          0          0          0          0   _printf_l.o
         6          0          0          0          0          0   _printf_lc.o
        10          0          0          0          0          0   _printf_ll.o
         6          0          0          0          0          0   _printf_lld.o
         6          0          0          0          0          0   _printf_lli.o
         6          0          0          0          0          0   _printf_llo.o
         6          0          0          0          0          0   _printf_llu.o
         6          0          0          0          0          0   _printf_llx.o
       124         16          0          0          0         92   _printf_longlong_dec.o
         6          0          0          0          0          0   _printf_ls.o
         6          0          0          0          0          0   _printf_n.o
         6          0          0          0          0          0   _printf_o.o
       112         10          0          0          0        124   _printf_oct_int_ll.o
         6          0          0          0          0          0   _printf_p.o
        78          0          0          0          0        108   _printf_pad.o
         0          0          0          0          0          0   _printf_percent.o
         4          0          0          0          0          0   _printf_percent_end.o
         6          0          0          0          0          0   _printf_s.o
        82          0          0          0          0         80   _printf_str.o
        36          0          0          0          0         84   _printf_truncate.o
         6          0          0          0          0          0   _printf_u.o
        44          0          0          0          0        108   _printf_wchar.o
       188          6          8          0          0         92   _printf_wctomb.o
         6          0          0          0          0          0   _printf_x.o
        16          0          0          0          0         68   _snputc.o
        10          0          0          0          0         68   _sputc.o
        52          4          0          0          0         80   _vsnprintf.o
        64          0          0          0          0         92   _wcrtomb.o
       220          4        148          0          0         96   bigflt0.o
      1910        128          0          0          0        672   btod.o
        36          4          0          0          0         76   c89vsprintf.o
        18          0          0          0          0         80   exit.o
         6          0          0          0          0        152   heapauxi.o
         0          0          0          0          0          0   indicate_semi.o
        36         10          0          0          0         80   init_aeabi.o
        44         10        272          0          0         76   lc_ctype_c.o
        44         10         28          0          0         76   lc_numeric_c.o
         2          0          0          0          0          0   libinit.o
        38          0          0          0          0          0   libinit2.o
         2          0          0          0          0          0   libshutdown.o
         2          0          0          0          0          0   libshutdown2.o
         8          4          0          0         96         68   libspace.o
       138          0          0          0          0         80   lludiv10.o
       238          0          0          0          0        100   lludivv7m.o
        60         14          0          0        228         92   rand.o
        16          4          0          0          0         76   rt_ctype_table.o
         8          4          0          0          0         68   rt_locale_intlibspace.o
         2          0          0          0          0          0   rtexit.o
        10          0          0          0          0          0   rtexit2.o
       128          0          0          0          0         68   strcmpv7m.o
        12          4          0          0          0         68   sys_exit.o
        74          0          0          0          0         80   sys_stackheap_outer.o
         2          0          0          0          0         68   use_no_semi.o
        36          0          0          0          0         84   aeabi_vec_ctor_nocookie_nodtor.o
       440         26          0          0         32        236   ebox_analog.o
        12          0          0          0          0         76   ebox_common.o
       472         72          0         20         48        444   ebox_core.o
       500         56          0          4         64        532   ebox_exti.o
       526         34          0          0          0        296   ebox_gpio.o
        14          0          0          0          0         76   ebox_i2c.o
      1190         96          0          0          0        788   ebox_in_capture.o
       836         46          0          8          0        940   ebox_it.o
      1100         44          0          0          0        800   ebox_pwm.o
         6          0          0          0          0         68   ebox_softi2c.o
         8          0          0          0          0         68   ebox_softspi.o
        52          0          0          0          0         84   ebox_spi.o
        52         18          0          4        108        144   ebox_timer.o
      1368        160         16         12         20        948   ebox_uart.o
        98          4          0          0          0         92   d2f.o
       688        140          0          0          0        208   ddiv.o
        38          0          0          0          0         68   dflt_clz.o
       156          4          0          0          0         92   dnaninf.o
        12          0          0          0          0         68   dretinf.o
        62          4          0          0          0         84   ffixu.o
        38          0          0          0          0         68   fflt_clz.o
       258          4          0          0          0         84   fmul.o
       140          4          0          0          0         84   fnaninf.o
        10          0          0          0          0         68   fretinf.o
         4          0          0          0          0         68   printf1.o
         0          0          0          0          0          0   usenofp.o
        40          0          0          0          0         68   fpclassify.o

    ----------------------------------------------------------------------
     14488        998        532         48        600      10848   Library Totals
        34          0          3          0          4          0   (incl. Padding)

    ----------------------------------------------------------------------

      Code (inc. data)   RO Data    RW Data    ZI Data      Debug   Library Name

      6298        286        513          0        324       4212   c_w.l
        36          0          0          0          0         84   cpprt_w.l
      6576        552         16         48        272       5500   ebox.lib
      1504        160          0          0          0        984   fz_ws.l
        40          0          0          0          0         68   m_ws.l

    ----------------------------------------------------------------------
     14488        998        532         48        600      10848   Library Totals

    ----------------------------------------------------------------------

==============================================================================


      Code (inc. data)   RO Data    RW Data    ZI Data      Debug   

     35252       2434        976        224      14512     667978   Grand Totals
     35252       2434        976        224      14512     667978   ELF Image Totals
     35252       2434        976        224          0          0   ROM Totals

==============================================================================

    Total RO  Size (Code + RO Data)                36228 (  35.38kB)
    Total RW  Size (RW Data + ZI Data)             14736 (  14.39kB)
    Total ROM Size (Code + RO Data + RW Data)      36452 (  35.60kB)

==============================================================================

